 kei

 Timestamp is 4a47cc22 (Mon Jun 29 05:01:38 2009)

 Preferred load address is 11000000

 Start         Length     Name                   Class
 0001:00000000 000390eaH .text                   CODE
 0002:00000000 00000228H .idata$5                DATA
 0002:00000228 00004840H .rdata                  DATA
 0002:00004a68 00000050H .idata$2                DATA
 0002:00004ab8 00000014H .idata$3                DATA
 0002:00004acc 00000228H .idata$4                DATA
 0002:00004cf4 000009f6H .idata$6                DATA
 0002:000056f0 000000b3H .edata                  DATA
 0003:00000000 00000004H .CRT$XCA                DATA
 0003:00000004 00000004H .CRT$XCU                DATA
 0003:00000008 00000004H .CRT$XCZ                DATA
 0003:0000000c 00000004H .CRT$XIA                DATA
 0003:00000010 0000000cH .CRT$XIC                DATA
 0003:0000001c 00000004H .CRT$XIZ                DATA
 0003:00000020 00000004H .CRT$XPA                DATA
 0003:00000024 00000004H .CRT$XPX                DATA
 0003:00000028 00000004H .CRT$XPZ                DATA
 0003:0000002c 00000004H .CRT$XTA                DATA
 0003:00000030 00000004H .CRT$XTZ                DATA
 0003:00000040 000090a0H .data                   DATA
 0003:000090e0 00050aa8H .bss                    DATA
 0004:00000000 00000058H .rsrc$01                DATA
 0004:00000060 000003c8H .rsrc$02                DATA

  Address         Publics by Value              Rva+Base     Lib:Object

 0001:00000000       _DllMain@12                11001000 f   kei.obj
 0001:00000050       _JZIPCompress              11001050 f   kei.obj
 0001:00000250       _JZIPCanExtractExtension   11001250 f   kei.obj
 0001:00000260       _JZIPCanExtract            11001260 f   kei.obj
 0001:000002e0       _JZIPExtract               110012e0 f   kei.obj
 0001:00000df0       _JZIPIsSelfUnpack          11001df0 f   kei.obj
 0001:000012c0       ?id@?$ctype@G@std@@$E      110022c0 f i kei.obj
 0001:000012d0       _Wiz_Init@8                110022d0 f   unzip32:windll.obj
 0001:00001340       _Wiz_SetOpts@8             11002340 f   unzip32:windll.obj
 0001:000014e0       _Wiz_Unzip@20              110024e0 f   unzip32:windll.obj
 0001:000016a0       _Wiz_SingleEntryUnzip@24   110026a0 f   unzip32:windll.obj
 0001:00001750       _win_fprintf               11002750 f   unzip32:windll.obj
 0001:000017e0       _UzpPassword@24            110027e0 f   unzip32:windll.obj
 0001:000018f0       _globalsCtor               110028f0 f   unzip32:globals.obj
 0001:00001980       _process_zipfiles          11002980 f   unzip32:process.obj
 0001:00001ea0       _free_G_buffers            11002ea0 f   unzip32:process.obj
 0001:000031e0       _uz_end_central            110041e0 f   unzip32:process.obj
 0001:00003270       _process_cdir_file_hdr     11004270 f   unzip32:process.obj
 0001:000034e0       _process_local_file_hdr    110044e0 f   unzip32:process.obj
 0001:00003610       _getZip64Data              11004610 f   unzip32:process.obj
 0001:000037c0       _ef_scan_for_izux          110047c0 f   unzip32:process.obj
 0001:00003ae0       _setFileNotFound           11004ae0 f   unzip32:api.obj
 0001:00003af0       _redirect_outfile          11004af0 f   unzip32:api.obj
 0001:00003bf0       _writeToMemory             11004bf0 f   unzip32:api.obj
 0001:00003c70       _close_redirect            11004c70 f   unzip32:api.obj
 0001:00003cd0       _open_input_file           11004cd0 f   unzip32:fileio.obj
 0001:00003d40       _open_outfile              11004d40 f   unzip32:fileio.obj
 0001:00003e40       _undefer_input             11004e40 f   unzip32:fileio.obj
 0001:00003ec0       _defer_leftover_input      11004ec0 f   unzip32:fileio.obj
 0001:00003f60       _readbuf                   11004f60 f   unzip32:fileio.obj
 0001:00004080       _readbyte                  11005080 f   unzip32:fileio.obj
 0001:000041e0       _seek_zipf                 110051e0 f   unzip32:fileio.obj
 0001:00004310       _flush                     11005310 f   unzip32:fileio.obj
 0001:00004a20       _UzpMessagePrnt@16         11005a20 f   unzip32:fileio.obj
 0001:00004bb0       _UzpInput@16               11005bb0 f   unzip32:fileio.obj
 0001:00004bd0       _dos_to_unix_time          11005bd0 f   unzip32:fileio.obj
 0001:00004c60       _check_for_newer           11005c60 f   unzip32:fileio.obj
 0001:00004d10       _do_string                 11005d10 f   unzip32:fileio.obj
 0001:00005130       _makeword                  11006130 f   unzip32:fileio.obj
 0001:00005150       _makelong                  11006150 f   unzip32:fileio.obj
 0001:00005180       _makeint64                 11006180 f   unzip32:fileio.obj
 0001:00005210       _fzofft                    11006210 f   unzip32:fileio.obj
 0001:00005350       _plastchar                 11006350 f   unzip32:fileio.obj
 0001:00005390       _match                     11006390 f   unzip32:match.obj
 0001:00005830       _iswild                    11006830 f   unzip32:match.obj
 0001:00005880       _test_NTSD                 11006880 f   unzip32:win32.obj
 0001:000058a0       _IsWinNT                   110068a0 f   unzip32:win32.obj
 0001:000058c0       _SetFileSize               110068c0 f   unzip32:win32.obj
 0001:00005950       _close_outfile             11006950 f   unzip32:win32.obj
 0001:00006010       _defer_dir_attribs         11007010 f   unzip32:win32.obj
 0001:00006140       _set_direc_attribs         11007140 f   unzip32:win32.obj
 0001:000063a0       _stamp_file                110073a0 f   unzip32:win32.obj
 0001:00006600       _do_wild                   11007600 f   unzip32:win32.obj
 0001:00006c60       _mapattr                   11007c60 f   unzip32:win32.obj
 0001:00006c90       _mapname                   11007c90 f   unzip32:win32.obj
 0001:00007420       _checkdir                  11008420 f   unzip32:win32.obj
 0001:00007fd0       _dateformat                11008fd0 f   unzip32:win32.obj
 0001:00008020       _dateseparator             11009020 f   unzip32:win32.obj
 0001:00008050       _zstat_win32               11009050 f   unzip32:win32.obj
 0001:00008380       _inflate_codes             11009380 f   unzip32:inflate.obj
 0001:000088a0       _inflate                   110098a0 f   unzip32:inflate.obj
 0001:00009600       _inflate_free              1100a600 f   unzip32:inflate.obj
 0001:00009650       _huft_build                1100a650 f   unzip32:inflate.obj
 0001:00009ab0       _huft_free                 1100aab0 f   unzip32:inflate.obj
 0001:00009ae0       _extract_or_test_files     1100aae0 f   unzip32:extract.obj
 0001:0000a8e0       _find_compr_idx            1100b8e0 f   unzip32:extract.obj
 0001:0000c760       _memextract                1100d760 f   unzip32:extract.obj
 0001:0000c980       _memflush                  1100d980 f   unzip32:extract.obj
 0001:0000c9f0       _extract_izvms_block       1100d9f0 f   unzip32:extract.obj
 0001:0000cb60       _fnfilter                  1100db60 f   unzip32:extract.obj
 0001:0000cc60       _list_files                1100dc60 f   unzip32:list.obj
 0001:0000d390       _get_time_stamp            1100e390 f   unzip32:list.obj
 0001:0000d6f0       _ratio                     1100e6f0 f   unzip32:list.obj
 0001:0000d830       _fnprint                   1100e830 f   unzip32:list.obj
 0001:0000d880       _zi_end_central            1100e880 f   unzip32:zipinfo.obj
 0001:0000dd90       _zipinfo                   1100ed90 f   unzip32:zipinfo.obj
 0001:00010c40       _decrypt_byte              11011c40 f   unzip32:crypt.obj
 0001:00010c70       _update_keys               11011c70 f   unzip32:crypt.obj
 0001:00010cf0       _init_keys                 11011cf0 f   unzip32:crypt.obj
 0001:00010d40       _decrypt                   11011d40 f   unzip32:crypt.obj
 0001:000110e0       _crc32                     110120e0 f   unzip32:crc_i386.obj
 0001:00011240       _ValidateSecurity          11012240 f   unzip32:nt.obj
 0001:00011350       _GetVolumeCaps             11012350 f   unzip32:nt.obj
 0001:00011740       _SecuritySet               11012740 f   unzip32:nt.obj
 0001:00011970       _get_crc_table             11012970 f   unzip32:crc32.obj
 0001:000119d0       _explode                   110129d0 f   unzip32:explode.obj
 0001:00012ab0       _unshrink                  11013ab0 f   unzip32:unshrink.obj
 0001:00012f80       _ParseString               11013f80 f   zip32z64:api.obj
 0001:000132c0       _AllocMemory               110142c0 f   zip32z64:api.obj
 0001:00013360       _FreeArgVee                11014360 f   zip32z64:api.obj
 0001:000133b0       _ZpInit@4                  110143b0 f   zip32z64:api.obj
 0001:00013400       _ZpArchive@20              11014400 f   zip32z64:api.obj
 0001:00014220       _encr_passwd               11015220 f   zip32z64:api.obj
 0001:00014250       _comment                   11015250 f   zip32z64:windll.obj
 0001:00014310       _printf                    11015310 f   zip32z64:windll.obj
 0001:00014370       _fprintf                   11015370 f   zip32z64:windll.obj
 0001:000143f0       _perror                    110153f0 f   zip32z64:windll.obj
 0001:00014410       _ziperr                    11015410 f   zip32z64:zip.obj
 0001:00014890       _error                     11015890 f   zip32z64:zip.obj
 0001:000148b0       _zipmessage_nl             110158b0 f   zip32z64:zip.obj
 0001:00014a00       _zipmessage                11015a00 f   zip32z64:zip.obj
 0001:00014ab0       _zipwarn                   11015ab0 f   zip32z64:zip.obj
 0001:00014b60       _rename_split              11015b60 f   zip32z64:zip.obj
 0001:00014bd0       _zipmain                   11015bd0 f   zip32z64:zip.obj
 0001:0001a970       _zsearch                   1101b970 f   zip32z64:zipfile.obj
 0001:0001a9c0       _ziptyp                    1101b9c0 f   zip32z64:zipfile.obj
 0001:0001aa90       _get_extra_field           1101ba90 f   zip32z64:zipfile.obj
 0001:0001aad0       _copy_nondup_extra_fields  1101bad0 f   zip32z64:zipfile.obj
 0001:0001ac70       _readlocal                 1101bc70 f   zip32z64:zipfile.obj
 0001:0001b260       _readzipfile               1101c260 f   zip32z64:zipfile.obj
 0001:0001e9a0       _putlocal                  1101f9a0 f   zip32z64:zipfile.obj
 0001:0001f220       _putextended               11020220 f   zip32z64:zipfile.obj
 0001:0001f3b0       _putcentral                110203b0 f   zip32z64:zipfile.obj
 0001:0001fab0       _putend                    11020ab0 f   zip32z64:zipfile.obj
 0001:0001fe80       _zipcopy                   11020e80 f   zip32z64:zipfile.obj
 0001:00020b80       _get_ef_ut_ztime           11021b80 f   zip32z64:zipfile.obj
 0001:00020db0       _trash                     11021db0 f   zip32z64:zipfile.obj
 0001:00021090       _zftello                   11022090 f   zip32z64:win32i64.obj
 0001:000210d0       _zfseeko                   110220d0 f   zip32z64:win32i64.obj
 0001:00021140       _getnam                    11022140 f   zip32z64:fileio.obj
 0001:00021230       _fexpel                    11022230 f   zip32z64:fileio.obj
 0001:000212a0       _last                      110222a0 f   zip32z64:fileio.obj
 0001:000212d0       _msname                    110222d0 f   zip32z64:fileio.obj
 0001:00021480       _proc_archive_name         11022480 f   zip32z64:fileio.obj
 0001:00021590       _check_dup                 11022590 f   zip32z64:fileio.obj
 0001:00021920       _filter                    11022920 f   zip32z64:fileio.obj
 0001:00021ac0       _newname                   11022ac0 f   zip32z64:fileio.obj
 0001:000220a0       _dostime                   110230a0 f   zip32z64:fileio.obj
 0001:000220f0       _unix2dostime              110230f0 f   zip32z64:fileio.obj
 0001:00022150       _dos2unixtime              11023150 f   zip32z64:fileio.obj
 0001:000221c0       _destroy                   110231c0 f   zip32z64:fileio.obj
 0001:000221e0       _replace                   110231e0 f   zip32z64:fileio.obj
 0001:00022310       _getfileattr               11023310 f   zip32z64:fileio.obj
 0001:00022340       _setfileattr               11023340 f   zip32z64:fileio.obj
 0001:00022360       _tempname                  11023360 f   zip32z64:fileio.obj
 0001:00022450       _fcopy                     11023450 f   zip32z64:fileio.obj
 0001:00022560       _bfcopy                    11023560 f   zip32z64:fileio.obj
 0001:00022f00       _ask_for_split_read_path   11023f00 f   zip32z64:fileio.obj
 0001:00023760       _ask_for_split_write_path  11024760 f   zip32z64:fileio.obj
 0001:00023c30       _get_in_split_path         11024c30 f   zip32z64:fileio.obj
 0001:00023d50       _get_out_split_path        11024d50 f   zip32z64:fileio.obj
 0001:00023e20       _close_split               11024e20 f   zip32z64:fileio.obj
 0001:00023e80       _bfwrite                   11024e80 f   zip32z64:fileio.obj
 0001:000243f0       _mb_clen                   110253f0 f   zip32z64:fileio.obj
 0001:00024410       _copy_args                 11025410 f   zip32z64:fileio.obj
 0001:00024540       _free_args                 11025540 f   zip32z64:fileio.obj
 0001:00024580       _insert_arg                11025580 f   zip32z64:fileio.obj
 0001:000246c0       _get_option                110256c0 f   zip32z64:fileio.obj
 0001:000256e0       _IsFileSystemOldFAT        110266e0 f   zip32z64:win32.obj
 0001:000257d0       _GetFileMode               110267d0 f   zip32z64:win32.obj
 0001:00025800       _ClearArchiveBit           11026800 f   zip32z64:win32.obj
 0001:00025870       _GetLongPathEA             11026870 f   zip32z64:win32.obj
 0001:00025870       _set_filetype              11026870 f   zip32z64:win32.obj
 0001:00025870       _issymlnk                  11026870 f   zip32z64:win32.obj
 0001:00025880       _getVolumeLabel            11026880 f   zip32z64:win32.obj
 0001:00025900       _ZipIsWinNT                11026900 f   zip32z64:win32.obj
 0001:00025920       _fseekable                 11026920 f   zip32z64:win32.obj
 0001:00025950       _zstat_zipwin32            11026950 f   zip32z64:win32.obj
 0001:00025d00       _oem_to_local_string       11026d00 f   zip32z64:win32.obj
 0001:00025d20       _lm_init                   11026d20 f   zip32z64:deflate.obj
 0001:00025e60       _longest_match             11026e60 f   zip32z64:deflate.obj
 0001:000261f0       _deflate                   110271f0 f   zip32z64:deflate.obj
 0001:00026780       _isshexp                   11027780 f   zip32z64:util.obj
 0001:00026cb0       _dosmatch                  11027cb0 f   zip32z64:util.obj
 0001:00026d80       _search                    11027d80 f   zip32z64:util.obj
 0001:00026dd0       _init_upper                11027dd0 f   zip32z64:util.obj
 0001:00026e20       _namecmp                   11027e20 f   zip32z64:util.obj
 0001:00026e90       _lastchar                  11027e90 f   zip32z64:util.obj
 0001:00026ed0       _zmbschr                   11027ed0 f   zip32z64:util.obj
 0001:00026f10       _zmbsrchr                  11027f10 f   zip32z64:util.obj
 0001:00026f60       _expand_args               11027f60 f   zip32z64:util.obj
 0001:00026f60       _lm_free                   11027f60 f   zip32z64:util.obj
 0001:00026f70       _is_text_buf               11027f70 f   zip32z64:util.obj
 0001:00026fc0       _zip_fzofft                11027fc0 f   zip32z64:util.obj
 0001:000270f0       _zip_fuzofft               110280f0 f   zip32z64:util.obj
 0001:00027220       _DisplayNumString          11028220 f   zip32z64:util.obj
 0001:00027270       _ReadNumString             11028270 f   zip32z64:util.obj
 0001:000273f0       _WriteNumString            110283f0 f   zip32z64:util.obj
 0001:000275a0       _abbrevmatch               110285a0 f   zip32z64:util.obj
 0001:00027630       _is_seekable               11028630 f   zip32z64:zipup.obj
 0001:00027670       _percent                   11028670 f   zip32z64:zipup.obj
 0001:000276d0       _zipup                     110286d0 f   zip32z64:zipup.obj
 0001:000287d0       _flush_outbuf              110297d0 f   zip32z64:zipup.obj
 0001:00028830       _seekable                  11029830 f   zip32z64:zipup.obj
 0001:00028890       _memcompress               11029890 f   zip32z64:zipup.obj
 0001:000289d0       _wild                      110299d0 f   zip32z64:win32zip.obj
 0001:00029530       _procname                  1102a530 f   zip32z64:win32zip.obj
 0001:00029550       _ex2in                     1102a550 f   zip32z64:win32zip.obj
 0001:00029740       _in2ex                     1102a740 f   zip32z64:win32zip.obj
 0001:00029790       _stamp                     1102a790 f   zip32z64:win32zip.obj
 0001:000297c0       _filetime                  1102a7c0 f   zip32z64:win32zip.obj
 0001:000299b0       _set_extra_field           1102a9b0 f   zip32z64:win32zip.obj
 0001:00029d90       _deletedir                 1102ad90 f   zip32z64:win32zip.obj
 0001:00029db0       _ct_init                   1102adb0 f   zip32z64:trees.obj
 0001:0002a0e0       _flush_block               1102b0e0 f   zip32z64:trees.obj
 0001:0002ab20       _ct_tally                  1102bb20 f   zip32z64:trees.obj
 0001:0002ae50       _bi_init                   1102be50 f   zip32z64:trees.obj
 0001:0002b1f0       _zp_decrypt_byte           1102c1f0 f   zip32z64:crypt.obj
 0001:0002b210       _zp_update_keys            1102c210 f   zip32z64:crypt.obj
 0001:0002b280       _zp_init_keys              1102c280 f   zip32z64:crypt.obj
 0001:0002b2d0       _crypthead                 1102c2d0 f   zip32z64:crypt.obj
 0001:0002b3d0       _zfwrite                   1102c3d0 f   zip32z64:crypt.obj
 0001:0002b430       _ZipGetVolumeCaps          1102c430 f   zip32z64:nt.obj
 0001:0002b7e0       _SecurityGet               1102c7e0 f   zip32z64:nt.obj
 0001:0002b9e0       _strncpy                   1102c9e0 f   LIBCMT:strncpy.obj
 0001:0002bade       __setmbcp                  1102cade f   LIBCMT:mbctype.obj
 0001:0002beb6       ___initmbctable            1102ceb6 f   LIBCMT:mbctype.obj
 0001:0002bed2       _setlocale                 1102ced2 f   LIBCMT:setlocal.obj
 0001:0002c2ec       __expandlocale             1102d2ec f   LIBCMT:setlocal.obj
 0001:0002c404       __strcats                  1102d404 f   LIBCMT:setlocal.obj
 0001:0002c429       ___lc_strtolc              1102d429 f   LIBCMT:setlocal.obj
 0001:0002c4f5       ___lc_lctostr              1102d4f5 f   LIBCMT:setlocal.obj
 0001:0002c550       _strrchr                   1102d550 f   LIBCMT:strrchr.obj
 0001:0002c577       _free                      1102d577 f   LIBCMT:free.obj
 0001:0002c660       _sprintf                   1102d660 f   LIBCMT:sprintf.obj
 0001:0002c6b2       _malloc                    1102d6b2 f   LIBCMT:malloc.obj
 0001:0002c6c4       __nh_malloc                1102d6c4 f   LIBCMT:malloc.obj
 0001:0002c6f0       __heap_alloc               1102d6f0 f   LIBCMT:malloc.obj
 0001:0002c7f0       _strncmp                   1102d7f0 f   LIBCMT:strncmp.obj
 0001:0002c828       __mbschr                   1102d828 f   LIBCMT:mbschr.obj
 0001:0002c8c0       __alloca_probe             1102d8c0 f   LIBCMT:chkstk.obj
 0001:0002c8c0       __chkstk                   1102d8c0 f   LIBCMT:chkstk.obj
 0001:0002c8ef       __onexit                   1102d8ef f   LIBCMT:onexit.obj
 0001:0002c96d       _atexit                    1102d96d f   LIBCMT:onexit.obj
 0001:0002c97f       ___onexitinit              1102d97f f   LIBCMT:onexit.obj
 0001:0002c9ae       __CRT_INIT@12              1102d9ae f   LIBCMT:dllcrt0.obj
 0001:0002ca87       __DllMainCRTStartup@12     1102da87 f   LIBCMT:dllcrt0.obj
 0001:0002cb24       __amsg_exit                1102db24 f   LIBCMT:dllcrt0.obj
 0001:0002cb58       __setjmp3                  1102db58 f   LIBCMT:setjmp3.obj
 0001:0002cbd3       ___initstdio               1102dbd3 f   LIBCMT:_file.obj
 0001:0002cc7b       ___endstdio                1102dc7b f   LIBCMT:_file.obj
 0001:0002cc8f       __lock_file                1102dc8f f   LIBCMT:_file.obj
 0001:0002ccbe       __lock_file2               1102dcbe f   LIBCMT:_file.obj
 0001:0002cce1       __unlock_file              1102dce1 f   LIBCMT:_file.obj
 0001:0002cd10       __unlock_file2             1102dd10 f   LIBCMT:_file.obj
 0001:0002cd33       _realloc                   1102dd33 f   LIBCMT:realloc.obj
 0001:0002d062       __msize                    1102e062 f   LIBCMT:msize.obj
 0001:0002d160       _strchr                    1102e160 f   LIBCMT:strchr.obj
 0001:0002d166       ___from_strstr_to_strchr   1102e166 f   LIBCMT:strchr.obj
 0001:0002d220       __aullshr                  1102e220 f   LIBCMT:ullshr.obj
 0001:0002d23f       _toupper                   1102e23f f   LIBCMT:toupper.obj
 0001:0002d2ae       __toupper_lk               1102e2ae f   LIBCMT:toupper.obj
 0001:0002d37a       __isctype                  1102e37a f   LIBCMT:isctype.obj
 0001:0002d3ef       __lseeki64                 1102e3ef f   LIBCMT:lseeki64.obj
 0001:0002d460       __lseeki64_lk              1102e460 f   LIBCMT:lseeki64.obj
 0001:0002d4f0       __alldiv                   1102e4f0 f   LIBCMT:lldiv.obj
 0001:0002d5a0       __allrem                   1102e5a0 f   LIBCMT:llrem.obj
 0001:0002d660       __allmul                   1102e660 f   LIBCMT:llmul.obj
 0001:0002d694       _strerror                  1102e694 f   LIBCMT:strerror.obj
 0001:0002d6e4       __dosmaperr                1102e6e4 f   LIBCMT:dosmap.obj
 0001:0002d757       __errno                    1102e757 f   LIBCMT:dosmap.obj
 0001:0002d760       ___doserrno                1102e760 f   LIBCMT:dosmap.obj
 0001:0002d769       __fsopen                   1102e769 f   LIBCMT:fopen.obj
 0001:0002d79a       _fopen                     1102e79a f   LIBCMT:fopen.obj
 0001:0002d7b0       _longjmp                   1102e7b0 f   LIBCMT:longjmp.obj
 0001:0002d829       _fflush                    1102e829 f   LIBCMT:fflush.obj
 0001:0002d858       __fflush_lk                1102e858 f   LIBCMT:fflush.obj
 0001:0002d886       __flush                    1102e886 f   LIBCMT:fflush.obj
 0001:0002d8e2       __flushall                 1102e8e2 f   LIBCMT:fflush.obj
 0001:0002d98f       _fputc                     1102e98f f   LIBCMT:fputc.obj
 0001:0002d9ca       _putc                      1102e9ca f   LIBCMT:fputc.obj
 0001:0002d9da       _mktime                    1102e9da f   LIBCMT:mktime.obj
 0001:0002dbcc       _localtime                 1102ebcc f   LIBCMT:localtim.obj
 0001:0002dd2c       _time                      1102ed2c f   LIBCMT:time.obj
 0001:0002de08       _tolower                   1102ee08 f   LIBCMT:tolower.obj
 0001:0002de77       __tolower_lk               1102ee77 f   LIBCMT:tolower.obj
 0001:0002df42       __mbclen                   1102ef42 f   LIBCMT:mbclen.obj
 0001:0002df58       __mbsinc                   1102ef58 f   LIBCMT:mbsinc.obj
 0001:0002df6f       __alloc_osfhnd             1102ef6f f   LIBCMT:osfinfo.obj
 0001:0002e092       __set_osfhnd               1102f092 f   LIBCMT:osfinfo.obj
 0001:0002e10e       __free_osfhnd              1102f10e f   LIBCMT:osfinfo.obj
 0001:0002e18d       __get_osfhandle            1102f18d f   LIBCMT:osfinfo.obj
 0001:0002e1cf       __lock_fhandle             1102f1cf f   LIBCMT:osfinfo.obj
 0001:0002e22e       __unlock_fhandle           1102f22e f   LIBCMT:osfinfo.obj
 0001:0002e250       _fclose                    1102f250 f   LIBCMT:fclose.obj
 0001:0002e281       __fclose_lk                1102f281 f   LIBCMT:fclose.obj
 0001:0002e2cd       _gmtime                    1102f2cd f   LIBCMT:gmtime.obj
 0001:0002e3d7       __mbsrchr                  1102f3d7 f   LIBCMT:mbsrchr.obj
 0001:0002e449       __stati64                  1102f449 f   LIBCMT:stati64.obj
 0001:0002e790       __aulldiv                  1102f790 f   LIBCMT:ulldiv.obj
 0001:0002e7f8       _qsort                     1102f7f8 f   LIBCMT:qsort.obj
 0001:0002e9c6       _fgets                     1102f9c6 f   LIBCMT:fgets.obj
 0001:0002ea30       _strnicmp                  1102fa30 f   LIBCMT:strnicmp.obj
 0001:0002ea30       __strnicmp                 1102fa30 f   LIBCMT:strnicmp.obj
 0001:0002eb31       _setvbuf                   1102fb31 f   LIBCMT:setvbuf.obj
 0001:0002ebe0       _asctime                   1102fbe0 f   LIBCMT:asctime.obj
 0001:0002ecd2       _sscanf                    1102fcd2 f   LIBCMT:sscanf.obj
 0001:0002ed10       __aullrem                  1102fd10 f   LIBCMT:ullrem.obj
 0001:0002ed85       _mblen                     1102fd85 f   LIBCMT:mblen.obj
 0001:0002edfc       _fread                     1102fdfc f   LIBCMT:fread.obj
 0001:0002ee2b       __fread_lk                 1102fe2b f   LIBCMT:fread.obj
 0001:0002ef13       _ungetc                    1102ff13 f   LIBCMT:ungetc.obj
 0001:0002ef3c       __ungetc_lk                1102ff3c f   LIBCMT:ungetc.obj
 0001:0002efaa       _fgetc                     1102ffaa f   LIBCMT:fgetc.obj
 0001:0002efdb       _getc                      1102ffdb f   LIBCMT:fgetc.obj
 0001:0002efe6       _fwrite                    1102ffe6 f   LIBCMT:fwrite.obj
 0001:0002f015       __fwrite_lk                11030015 f   LIBCMT:fwrite.obj
 0001:0002f120       _memmove                   11030120 f   LIBCMT:memmove.obj
 0001:0002f455       _fgetpos                   11030455 f   LIBCMT:fgetpos.obj
 0001:0002f477       _rename                    11030477 f   LIBCMT:rename.obj
 0001:0002f4b0       _strncat                   110304b0 f   LIBCMT:strncat.obj
 0001:0002f5d3       __getenv_lk                110305d3 f   LIBCMT:getenv.obj
 0001:0002f650       _atol                      11030650 f   LIBCMT:atox.obj
 0001:0002f6db       _atoi                      110306db f   LIBCMT:atox.obj
 0001:0002f6e6       _clearerr                  110306e6 f   LIBCMT:clearerr.obj
 0001:0002f727       _open                      11030727 f   LIBCMT:open.obj
 0001:0002f727       __open                     11030727 f   LIBCMT:open.obj
 0001:0002f73e       __sopen                    1103073e f   LIBCMT:open.obj
 0001:0002fa0d       __fstati64                 11030a0d f   LIBCMT:fstati64.obj
 0001:0002fcba       _srand                     11030cba f   LIBCMT:rand.obj
 0001:0002fcc7       _rand                      11030cc7 f   LIBCMT:rand.obj
 0001:0002fce9       __mtinitlocks              11030ce9 f   LIBCMT:mlock.obj
 0001:0002fd12       __mtdeletelocks            11030d12 f   LIBCMT:mlock.obj
 0001:0002fd7e       __lock                     11030d7e f   LIBCMT:mlock.obj
 0001:0002fddf       __unlock                   11030ddf f   LIBCMT:mlock.obj
 0001:0002fdf4       ___crtLCMapStringA         11030df4 f   LIBCMT:a_map.obj
 0001:00030043       ___crtGetStringTypeA       11031043 f   LIBCMT:a_str.obj
 0001:0003018c       __cinit                    1103118c f   LIBCMT:crt0dat.obj
 0001:000301b9       __exit                     110311b9 f   LIBCMT:crt0dat.obj
 0001:000301ca       __cexit                    110311ca f   LIBCMT:crt0dat.obj
 0001:0003027e       __lockexit                 1103127e f   LIBCMT:crt0dat.obj
 0001:00030287       __unlockexit               11031287 f   LIBCMT:crt0dat.obj
 0001:000302aa       ___init_time               110312aa f   LIBCMT:inittime.obj
 0001:00030819       ___init_numeric            11031819 f   LIBCMT:initnum.obj
 0001:000309ee       ___init_monetary           110319ee f   LIBCMT:initmon.obj
 0001:00030c60       ___init_ctype              11031c60 f   LIBCMT:initctyp.obj
 0001:00030ea5       ___init_dummy              11031ea5 f   LIBCMT:initcoll.obj
 0001:00030ea5       ___init_collate            11031ea5 f   LIBCMT:initcoll.obj
 0001:00030eb0       _strcmp                    11031eb0 f   LIBCMT:strcmp.obj
 0001:00030f40       _strcspn                   11031f40 f   LIBCMT:strcspn.obj
 0001:00030f80       _strlen                    11031f80 f   LIBCMT:strlen.obj
 0001:00031000       _strpbrk                   11032000 f   LIBCMT:strpbrk.obj
 0001:00031040       _strcpy                    11032040 f   LIBCMT:strcat.obj
 0001:00031050       _strcat                    11032050 f   LIBCMT:strcat.obj
 0001:00031130       _memcpy                    11032130 f   LIBCMT:memcpy.obj
 0001:00031465       ___get_qualified_locale    11032465 f   LIBCMT:getqloc.obj
 0001:00031d10       _memset                    11032d10 f   LIBCMT:memset.obj
 0001:00031d68       __GetLinkerVersion         11032d68 f   LIBCMT:heapinit.obj
 0001:00031d95       ___heap_select             11032d95 f   LIBCMT:heapinit.obj
 0001:00031edd       __heap_init                11032edd f   LIBCMT:heapinit.obj
 0001:00031f3a       __heap_term                11032f3a f   LIBCMT:heapinit.obj
 0001:00031fe2       ___sbh_heap_init           11032fe2 f   LIBCMT:sbheap.obj
 0001:0003202a       ___sbh_find_block          1103302a f   LIBCMT:sbheap.obj
 0001:00032055       ___sbh_free_block          11033055 f   LIBCMT:sbheap.obj
 0001:0003237e       ___sbh_alloc_block         1103337e f   LIBCMT:sbheap.obj
 0001:00032687       ___sbh_alloc_new_region    11033687 f   LIBCMT:sbheap.obj
 0001:00032738       ___sbh_alloc_new_group     11033738 f   LIBCMT:sbheap.obj
 0001:00032833       ___sbh_resize_block        11033833 f   LIBCMT:sbheap.obj
 0001:00032b29       ___old_sbh_new_region      11033b29 f   LIBCMT:sbheap.obj
 0001:00032c6d       ___old_sbh_release_region  11033c6d f   LIBCMT:sbheap.obj
 0001:00032cc3       ___old_sbh_decommit_pages  11033cc3 f   LIBCMT:sbheap.obj
 0001:00032d85       ___old_sbh_find_block      11033d85 f   LIBCMT:sbheap.obj
 0001:00032ddc       ___old_sbh_free_block      11033ddc f   LIBCMT:sbheap.obj
 0001:00032e21       ___old_sbh_alloc_block     11033e21 f   LIBCMT:sbheap.obj
 0001:00033029       ___old_sbh_alloc_block_from_page 11034029 f   LIBCMT:sbheap.obj
 0001:0003314d       ___old_sbh_resize_block    1103414d f   LIBCMT:sbheap.obj
 0001:000331f8       __global_unwind2           110341f8 f   LIBCMT:exsup.obj
 0001:0003323a       __local_unwind2            1103423a f   LIBCMT:exsup.obj
 0001:00033292       __NLG_Return2              11034292 f   LIBCMT:exsup.obj
 0001:000332a2       __abnormal_termination     110342a2 f   LIBCMT:exsup.obj
 0001:000332c5       __NLG_Notify1              110342c5 f   LIBCMT:exsup.obj
 0001:000332ce       __NLG_Notify               110342ce f   LIBCMT:exsup.obj
 0001:000332e1       __NLG_Dispatch             110342e1 f   LIBCMT:exsup.obj
 0001:000332f0       __except_handler3          110342f0 f   LIBCMT:exsup3.obj
 0001:000333ad       __seh_longjmp_unwind@4     110343ad f   LIBCMT:exsup3.obj
 0001:000333c8       __flsbuf                   110343c8 f   LIBCMT:_flsbuf.obj
 0001:000334e0       __output                   110344e0 f   LIBCMT:output.obj
 0001:00033d47       __callnewh                 11034d47 f   LIBCMT:handler.obj
 0001:00033d62       __mtinit                   11034d62 f   LIBCMT:tidtable.obj
 0001:00033db6       __mtterm                   11034db6 f   LIBCMT:tidtable.obj
 0001:00033dd4       __initptd                  11034dd4 f   LIBCMT:tidtable.obj
 0001:00033de7       __getptd                   11034de7 f   LIBCMT:tidtable.obj
 0001:00033e4e       __freeptd                  11034e4e f   LIBCMT:tidtable.obj
 0001:00033eee       ___threadid                11034eee f   LIBCMT:tidtable.obj
 0001:00033ef4       __ioinit                   11034ef4 f   LIBCMT:ioinit.obj
 0001:000340b0       __ioterm                   110350b0 f   LIBCMT:ioinit.obj
 0001:00034104       __setenvp                  11035104 f   LIBCMT:stdenvp.obj
 0001:000341bd       __setargv                  110351bd f   LIBCMT:stdargv.obj
 0001:0003440a       ___crtGetEnvironmentStringsA 1103540a f   LIBCMT:a_env.obj
 0001:0003453c       __FF_MSGBANNER             1103553c f   LIBCMT:crt0msg.obj
 0001:00034575       __NMSG_WRITE               11035575 f   LIBCMT:crt0msg.obj
 0001:000346c8       _calloc                    110356c8 f   LIBCMT:calloc.obj
 0001:00034805       __fcloseall                11035805 f   LIBCMT:closeall.obj
 0001:00034886       __openfile                 11035886 f   LIBCMT:_open.obj
 0001:000349f6       __getstream                110359f6 f   LIBCMT:stream.obj
 0001:00034abe       __rt_probe_read4@4         11035abe f   LIBCMT:sehsupp.obj
 0001:00034b23       __commit                   11035b23 f   LIBCMT:commit.obj
 0001:00034bb6       _write                     11035bb6 f   LIBCMT:write.obj
 0001:00034bb6       __write                    11035bb6 f   LIBCMT:write.obj
 0001:00034c1b       __write_lk                 11035c1b f   LIBCMT:write.obj
 0001:00034da6       ___tzset                   11035da6 f   LIBCMT:tzset.obj
 0001:00034dd4       __tzset                    11035dd4 f   LIBCMT:tzset.obj
 0001:00034dd4       _tzset                     11035dd4 f   LIBCMT:tzset.obj
 0001:00035071       __isindst                  11036071 f   LIBCMT:tzset.obj
 0001:0003537e       ___loctotime_t             1103637e f   LIBCMT:dtoxtime.obj
 0001:00035440       __close                    11036440 f   LIBCMT:close.obj
 0001:00035440       _close                     11036440 f   LIBCMT:close.obj
 0001:0003549d       __close_lk                 1103649d f   LIBCMT:close.obj
 0001:00035520       __freebuf                  11036520 f   LIBCMT:_freebuf.obj
 0001:0003554b       ___dtoxmode                1103654b f   LIBCMT:stat.obj
 0001:00035603       __fullpath                 11036603 f   LIBCMT:fullpath.obj
 0001:000356a8       __getdrive                 110366a8 f   LIBCMT:drive.obj
 0001:000356eb       __mbctolower               110366eb f   LIBCMT:mbtolwr.obj
 0001:00035766       __mbspbrk                  11036766 f   LIBCMT:mbspbrk.obj
 0001:000357fb       __filbuf                   110367fb f   LIBCMT:_filbuf.obj
 0001:000358d7       __input                    110368d7 f   LIBCMT:input.obj
 0001:00036388       __lseek                    11037388 f   LIBCMT:lseek.obj
 0001:000363ed       __lseek_lk                 110373ed f   LIBCMT:lseek.obj
 0001:00036460       __read                     11037460 f   LIBCMT:read.obj
 0001:00036460       _read                      11037460 f   LIBCMT:read.obj
 0001:000364c5       __read_lk                  110374c5 f   LIBCMT:read.obj
 0001:0003669e       __getbuf                   1103769e f   LIBCMT:_getbuf.obj
 0001:000366e2       __ftelli64                 110376e2 f   LIBCMT:ftelli64.obj
 0001:0003670a       __ftelli64_lk              1103770a f   LIBCMT:ftelli64.obj
 0001:0003689a       __mbsnbicoll               1103789a f   LIBCMT:mbsnbico.obj
 0001:000368d9       ___wtomb_environ           110378d9 f   LIBCMT:wtombenv.obj
 0001:00036947       __chsize_lk                11037947 f   LIBCMT:chsize.obj
 0001:00036a6c       ___getlocaleinfo           11037a6c f   LIBCMT:inithelp.obj
 0001:00036ba4       ___crtGetStringTypeW       11037ba4 f   LIBCMT:w_str.obj
 0001:00036d69       __itoa                     11037d69 f   LIBCMT:xtoa.obj
 0001:00036e00       __strcmpi                  11037e00 f   LIBCMT:stricmp.obj
 0001:00036e00       _stricmp                   11037e00 f   LIBCMT:stricmp.obj
 0001:00036e00       __stricmp                  11037e00 f   LIBCMT:stricmp.obj
 0001:00036ed0       _strtol                    11037ed0 f   LIBCMT:strtol.obj
 0001:000370f0       _strstr                    110380f0 f   LIBCMT:strstr.obj
 0001:00037170       _isatty                    11038170 f   LIBCMT:isatty.obj
 0001:00037170       __isatty                   11038170 f   LIBCMT:isatty.obj
 0001:00037199       _wctomb                    11038199 f   LIBCMT:wctomb.obj
 0001:000371f2       __wctomb_lk                110381f2 f   LIBCMT:wctomb.obj
 0001:0003725b       ___crtMessageBoxA          1103825b f   LIBCMT:crtmbox.obj
 0001:000372e4       __mbsicmp                  110382e4 f   LIBCMT:mbsicmp.obj
 0001:00037479       __getcwd                   11038479 f   LIBCMT:getcwd.obj
 0001:00037479       _getcwd                    11038479 f   LIBCMT:getcwd.obj
 0001:000374a0       __getdcwd_lk               110384a0 f   LIBCMT:getcwd.obj
 0001:00037575       __validdrive               11038575 f   LIBCMT:getcwd.obj
 0001:000375ac       _mbtowc                    110385ac f   LIBCMT:mbtowc.obj
 0001:00037609       __mbtowc_lk                11038609 f   LIBCMT:mbtowc.obj
 0001:000376d2       _isspace                   110386d2 f   LIBCMT:_ctype.obj
 0001:00037700       __allshl                   11038700 f   LIBCMT:llshl.obj
 0001:0003771f       ___crtCompareStringA       1103871f f   LIBCMT:a_cmp.obj
 0001:0003799c       ___crtsetenv               1103899c f   LIBCMT:setenv.obj
 0001:00037be2       _setmode                   11038be2 f   LIBCMT:setmode.obj
 0001:00037be2       __setmode                  11038be2 f   LIBCMT:setmode.obj
 0001:00037c3b       __setmode_lk               11038c3b f   LIBCMT:setmode.obj
 0001:00037c9c       ___crtGetLocaleInfoW       11038c9c f   LIBCMT:w_loc.obj
 0001:00037daf       ___crtGetLocaleInfoA       11038daf f   LIBCMT:a_loc.obj
 0001:00037ecd       __fptrap                   11038ecd f   LIBCMT:crt0fp.obj
 0001:00037ed6       __strdup                   11038ed6 f   LIBCMT:strdup.obj
 0001:00037f10       _RtlUnwind@16              11038f10 f   kernel32:KERNEL32.dll
 0001:00037f16       _fileno                    11038f16 f   LIBCMT:fileno.obj
 0001:00037f16       __fileno                   11038f16 f   LIBCMT:fileno.obj
 0001:00037f1e       _putenv                    11038f1e f   LIBCMT:putenv.obj
 0001:00037f1e       __putenv                   11038f1e f   LIBCMT:putenv.obj
 0001:00037f3f       __putenv_lk                11038f3f f   LIBCMT:putenv.obj
 0001:00037fd3       _remove                    11038fd3 f   LIBCMT:unlink.obj
 0001:00037ffd       _unlink                    11038ffd f   LIBCMT:unlink.obj
 0001:00037ffd       __unlink                   11038ffd f   LIBCMT:unlink.obj
 0001:00038008       _chmod                     11039008 f   LIBCMT:chmod.obj
 0001:00038008       __chmod                    11039008 f   LIBCMT:chmod.obj
 0001:00038047       _strupr                    11039047 f   LIBCMT:strupr.obj
 0001:00038047       __strupr                   11039047 f   LIBCMT:strupr.obj
 0001:0003817b       __mkdir                    1103917b f   LIBCMT:mkdir.obj
 0001:0003817b       _mkdir                     1103917b f   LIBCMT:mkdir.obj
 0001:000381a7       _chdir                     110391a7 f   LIBCMT:chdir.obj
 0001:000381a7       __chdir                    110391a7 f   LIBCMT:chdir.obj
 0001:0003822d       _fdopen                    1103922d f   LIBCMT:fdopen.obj
 0001:0003822d       __fdopen                   1103922d f   LIBCMT:fdopen.obj
 0001:00038320       __mktemp                   11039320 f   LIBCMT:mktemp.obj
 0001:00038320       _mktemp                    11039320 f   LIBCMT:mktemp.obj
 0001:000383ea       _utime                     110393ea f   LIBCMT:utime.obj
 0001:000383ea       __utime                    110393ea f   LIBCMT:utime.obj
 0001:00038421       __futime                   11039421 f   LIBCMT:utime.obj
 0001:00038558       _rmdir                     11039558 f   LIBCMT:rmdir.obj
 0001:00038558       __rmdir                    11039558 f   LIBCMT:rmdir.obj
 0001:00038582       ___crtwsetenv              11039582 f   LIBCMT:wsetenv.obj
 0001:000387d8       __mbctoupper               110397d8 f   LIBCMT:mbtoupr.obj
 0001:00038853       __access                   11039853 f   LIBCMT:access.obj
 0001:00038899       __ismbstrail               11039899 f   LIBCMT:ismbstr.obj
 0001:000388f5       _wcscpy                    110398f5 f   LIBCMT:wcscat.obj
 0001:0003891a       _wcslen                    1103991a f   LIBCMT:wcslen.obj
 0001:00038937       ___mbtow_environ           11039937 f   LIBCMT:mbtowenv.obj
 0001:0003899f       _wcschr                    1103999f f   LIBCMT:wcschr.obj
 0001:000389c8       __wcsnicoll                110399c8 f   LIBCMT:wcsnicol.obj
 0001:00038aa9       __wcsdup                   11039aa9 f   LIBCMT:wcsdup.obj
 0001:00038ad7       ___crtCompareStringW       11039ad7 f   LIBCMT:w_cmp.obj
 0001:00038d22       __wcsnicmp                 11039d22 f   LIBCMT:wcsnicmp.obj
 0001:00038e1a       __towlower_lk              11039e1a f   LIBCMT:towlower.obj
 0001:00038e8f       ___crtLCMapStringW         11039e8f f   LIBCMT:w_map.obj
 0001:00039098       _iswctype                  1103a098 f   LIBCMT:iswctype.obj
 0002:00000000       __imp__GetSecurityDescriptorControl@12 1103b000     advapi32:ADVAPI32.dll
 0002:00000004       __imp__SetKernelObjectSecurity@12 1103b004     advapi32:ADVAPI32.dll
 0002:00000008       __imp__IsValidSecurityDescriptor@4 1103b008     advapi32:ADVAPI32.dll
 0002:0000000c       __imp__GetSecurityDescriptorDacl@16 1103b00c     advapi32:ADVAPI32.dll
 0002:00000010       __imp__IsValidAcl@4        1103b010     advapi32:ADVAPI32.dll
 0002:00000014       __imp__GetSecurityDescriptorSacl@16 1103b014     advapi32:ADVAPI32.dll
 0002:00000018       __imp__GetSecurityDescriptorOwner@12 1103b018     advapi32:ADVAPI32.dll
 0002:0000001c       __imp__IsValidSid@4        1103b01c     advapi32:ADVAPI32.dll
 0002:00000020       __imp__GetSecurityDescriptorGroup@12 1103b020     advapi32:ADVAPI32.dll
 0002:00000024       __imp__AdjustTokenPrivileges@24 1103b024     advapi32:ADVAPI32.dll
 0002:00000028       __imp__LookupPrivilegeValueA@12 1103b028     advapi32:ADVAPI32.dll
 0002:0000002c       __imp__OpenProcessToken@12 1103b02c     advapi32:ADVAPI32.dll
 0002:00000030       __imp__GetSecurityDescriptorLength@4 1103b030     advapi32:ADVAPI32.dll
 0002:00000034       __imp__GetKernelObjectSecurity@20 1103b034     advapi32:ADVAPI32.dll
 0002:00000038       \177ADVAPI32_NULL_THUNK_DATA 1103b038     advapi32:ADVAPI32.dll
 0002:0000003c       __imp__CopyFileA@12        1103b03c     kernel32:KERNEL32.dll
 0002:00000040       __imp__GetTempFileNameA@16 1103b040     kernel32:KERNEL32.dll
 0002:00000044       __imp__MoveFileA@8         1103b044     kernel32:KERNEL32.dll
 0002:00000048       __imp__GetProcAddress@8    1103b048     kernel32:KERNEL32.dll
 0002:0000004c       __imp__LoadLibraryA@4      1103b04c     kernel32:KERNEL32.dll
 0002:00000050       __imp__GetFileAttributesA@4 1103b050     kernel32:KERNEL32.dll
 0002:00000054       __imp__ReadFile@20         1103b054     kernel32:KERNEL32.dll
 0002:00000058       __imp__RemoveDirectoryA@4  1103b058     kernel32:KERNEL32.dll
 0002:0000005c       __imp__CreateFileA@28      1103b05c     kernel32:KERNEL32.dll
 0002:00000060       __imp__lstrcpyA@8          1103b060     kernel32:KERNEL32.dll
 0002:00000064       __imp__GlobalLock@4        1103b064     kernel32:KERNEL32.dll
 0002:00000068       __imp__GlobalAlloc@8       1103b068     kernel32:KERNEL32.dll
 0002:0000006c       __imp__GlobalFree@4        1103b06c     kernel32:KERNEL32.dll
 0002:00000070       __imp__GlobalUnlock@4      1103b070     kernel32:KERNEL32.dll
 0002:00000074       __imp__lstrcatA@8          1103b074     kernel32:KERNEL32.dll
 0002:00000078       __imp__lstrlenA@4          1103b078     kernel32:KERNEL32.dll
 0002:0000007c       __imp__GetVersion@0        1103b07c     kernel32:KERNEL32.dll
 0002:00000080       __imp__SetEndOfFile@4      1103b080     kernel32:KERNEL32.dll
 0002:00000084       __imp__GetLastError@0      1103b084     kernel32:KERNEL32.dll
 0002:00000088       __imp__SetFileTime@16      1103b088     kernel32:KERNEL32.dll
 0002:0000008c       __imp__SetFileAttributesA@8 1103b08c     kernel32:KERNEL32.dll
 0002:00000090       __imp__LocalFileTimeToFileTime@8 1103b090     kernel32:KERNEL32.dll
 0002:00000094       __imp__DosDateTimeToFileTime@12 1103b094     kernel32:KERNEL32.dll
 0002:00000098       __imp__SystemTimeToFileTime@8 1103b098     kernel32:KERNEL32.dll
 0002:0000009c       __imp__GetLocalTime@4      1103b09c     kernel32:KERNEL32.dll
 0002:000000a0       __imp__GetVolumeInformationA@32 1103b0a0     kernel32:KERNEL32.dll
 0002:000000a4       __imp__GetFullPathNameA@16 1103b0a4     kernel32:KERNEL32.dll
 0002:000000a8       __imp__SetVolumeLabelA@8   1103b0a8     kernel32:KERNEL32.dll
 0002:000000ac       __imp__GetDriveTypeA@4     1103b0ac     kernel32:KERNEL32.dll
 0002:000000b0       __imp__GetLocaleInfoA@16   1103b0b0     kernel32:KERNEL32.dll
 0002:000000b4       __imp__GetFileTime@16      1103b0b4     kernel32:KERNEL32.dll
 0002:000000b8       __imp__FileTimeToSystemTime@8 1103b0b8     kernel32:KERNEL32.dll
 0002:000000bc       __imp__FileTimeToLocalFileTime@8 1103b0bc     kernel32:KERNEL32.dll
 0002:000000c0       __imp__lstrcpynA@12        1103b0c0     kernel32:KERNEL32.dll
 0002:000000c4       __imp__LeaveCriticalSection@4 1103b0c4     kernel32:KERNEL32.dll
 0002:000000c8       __imp__lstrcmpiA@8         1103b0c8     kernel32:KERNEL32.dll
 0002:000000cc       __imp__EnterCriticalSection@4 1103b0cc     kernel32:KERNEL32.dll
 0002:000000d0       __imp__InitializeCriticalSection@4 1103b0d0     kernel32:KERNEL32.dll
 0002:000000d4       __imp__ReleaseMutex@4      1103b0d4     kernel32:KERNEL32.dll
 0002:000000d8       __imp__WaitForSingleObject@8 1103b0d8     kernel32:KERNEL32.dll
 0002:000000dc       __imp__InterlockedExchange@8 1103b0dc     kernel32:KERNEL32.dll
 0002:000000e0       __imp__CreateMutexA@12     1103b0e0     kernel32:KERNEL32.dll
 0002:000000e4       __imp__HeapFree@12         1103b0e4     kernel32:KERNEL32.dll
 0002:000000e8       __imp__HeapAlloc@12        1103b0e8     kernel32:KERNEL32.dll
 0002:000000ec       __imp__GetProcessHeap@0    1103b0ec     kernel32:KERNEL32.dll
 0002:000000f0       __imp__GetCurrentProcess@0 1103b0f0     kernel32:KERNEL32.dll
 0002:000000f4       __imp__GetFileType@4       1103b0f4     kernel32:KERNEL32.dll
 0002:000000f8       __imp__GetCPInfo@8         1103b0f8     kernel32:KERNEL32.dll
 0002:000000fc       __imp__GetACP@0            1103b0fc     kernel32:KERNEL32.dll
 0002:00000100       __imp__GetOEMCP@0          1103b100     kernel32:KERNEL32.dll
 0002:00000104       __imp__GetFileSize@8       1103b104     kernel32:KERNEL32.dll
 0002:00000108       __imp__GetCommandLineA@0   1103b108     kernel32:KERNEL32.dll
 0002:0000010c       __imp__HeapReAlloc@16      1103b10c     kernel32:KERNEL32.dll
 0002:00000110       __imp__HeapSize@12         1103b110     kernel32:KERNEL32.dll
 0002:00000114       __imp__InterlockedDecrement@4 1103b114     kernel32:KERNEL32.dll
 0002:00000118       __imp__InterlockedIncrement@4 1103b118     kernel32:KERNEL32.dll
 0002:0000011c       __imp__GetTimeZoneInformation@4 1103b11c     kernel32:KERNEL32.dll
 0002:00000120       __imp__GetSystemTime@4     1103b120     kernel32:KERNEL32.dll
 0002:00000124       __imp__SetStdHandle@8      1103b124     kernel32:KERNEL32.dll
 0002:00000128       __imp__MultiByteToWideChar@24 1103b128     kernel32:KERNEL32.dll
 0002:0000012c       __imp__GetFileInformationByHandle@8 1103b12c     kernel32:KERNEL32.dll
 0002:00000130       __imp__PeekNamedPipe@24    1103b130     kernel32:KERNEL32.dll
 0002:00000134       __imp__DeleteCriticalSection@4 1103b134     kernel32:KERNEL32.dll
 0002:00000138       __imp__ExitProcess@4       1103b138     kernel32:KERNEL32.dll
 0002:0000013c       __imp__WideCharToMultiByte@32 1103b13c     kernel32:KERNEL32.dll
 0002:00000140       __imp__LCMapStringA@24     1103b140     kernel32:KERNEL32.dll
 0002:00000144       __imp__LCMapStringW@24     1103b144     kernel32:KERNEL32.dll
 0002:00000148       __imp__GetStringTypeA@20   1103b148     kernel32:KERNEL32.dll
 0002:0000014c       __imp__GetStringTypeW@16   1103b14c     kernel32:KERNEL32.dll
 0002:00000150       __imp__TerminateProcess@8  1103b150     kernel32:KERNEL32.dll
 0002:00000154       __imp__IsValidLocale@8     1103b154     kernel32:KERNEL32.dll
 0002:00000158       __imp__IsValidCodePage@4   1103b158     kernel32:KERNEL32.dll
 0002:0000015c       __imp__EnumSystemLocalesA@8 1103b15c     kernel32:KERNEL32.dll
 0002:00000160       __imp__GetUserDefaultLCID@0 1103b160     kernel32:KERNEL32.dll
 0002:00000164       __imp__GetVersionExA@4     1103b164     kernel32:KERNEL32.dll
 0002:00000168       __imp__GetModuleHandleA@4  1103b168     kernel32:KERNEL32.dll
 0002:0000016c       __imp__GetModuleFileNameA@12 1103b16c     kernel32:KERNEL32.dll
 0002:00000170       __imp__GetEnvironmentVariableA@12 1103b170     kernel32:KERNEL32.dll
 0002:00000174       __imp__HeapDestroy@4       1103b174     kernel32:KERNEL32.dll
 0002:00000178       __imp__HeapCreate@12       1103b178     kernel32:KERNEL32.dll
 0002:0000017c       __imp__VirtualFree@12      1103b17c     kernel32:KERNEL32.dll
 0002:00000180       __imp__VirtualAlloc@16     1103b180     kernel32:KERNEL32.dll
 0002:00000184       __imp__RtlUnwind@16        1103b184     kernel32:KERNEL32.dll
 0002:00000188       __imp__GetCurrentThreadId@0 1103b188     kernel32:KERNEL32.dll
 0002:0000018c       __imp__TlsSetValue@8       1103b18c     kernel32:KERNEL32.dll
 0002:00000190       __imp__TlsAlloc@0          1103b190     kernel32:KERNEL32.dll
 0002:00000194       __imp__TlsFree@4           1103b194     kernel32:KERNEL32.dll
 0002:00000198       __imp__SetLastError@4      1103b198     kernel32:KERNEL32.dll
 0002:0000019c       __imp__TlsGetValue@4       1103b19c     kernel32:KERNEL32.dll
 0002:000001a0       __imp__SetHandleCount@4    1103b1a0     kernel32:KERNEL32.dll
 0002:000001a4       __imp__GetStdHandle@4      1103b1a4     kernel32:KERNEL32.dll
 0002:000001a8       __imp__GetStartupInfoA@4   1103b1a8     kernel32:KERNEL32.dll
 0002:000001ac       __imp__FreeEnvironmentStringsA@4 1103b1ac     kernel32:KERNEL32.dll
 0002:000001b0       __imp__FreeEnvironmentStringsW@4 1103b1b0     kernel32:KERNEL32.dll
 0002:000001b4       __imp__GetEnvironmentStrings@0 1103b1b4     kernel32:KERNEL32.dll
 0002:000001b8       __imp__GetEnvironmentStringsW@0 1103b1b8     kernel32:KERNEL32.dll
 0002:000001bc       __imp__FlushFileBuffers@4  1103b1bc     kernel32:KERNEL32.dll
 0002:000001c0       __imp__CompareStringA@24   1103b1c0     kernel32:KERNEL32.dll
 0002:000001c4       __imp__CompareStringW@24   1103b1c4     kernel32:KERNEL32.dll
 0002:000001c8       __imp__SetEnvironmentVariableA@8 1103b1c8     kernel32:KERNEL32.dll
 0002:000001cc       __imp__GetLocaleInfoW@16   1103b1cc     kernel32:KERNEL32.dll
 0002:000001d0       __imp__SetFilePointer@16   1103b1d0     kernel32:KERNEL32.dll
 0002:000001d4       __imp__WriteFile@20        1103b1d4     kernel32:KERNEL32.dll
 0002:000001d8       __imp__CloseHandle@4       1103b1d8     kernel32:KERNEL32.dll
 0002:000001dc       __imp__DeleteFileA@4       1103b1dc     kernel32:KERNEL32.dll
 0002:000001e0       __imp__FindFirstFileA@8    1103b1e0     kernel32:KERNEL32.dll
 0002:000001e4       __imp__FindNextFileA@8     1103b1e4     kernel32:KERNEL32.dll
 0002:000001e8       __imp__FindClose@4         1103b1e8     kernel32:KERNEL32.dll
 0002:000001ec       __imp__CreateDirectoryA@8  1103b1ec     kernel32:KERNEL32.dll
 0002:000001f0       __imp__GetTempPathA@8      1103b1f0     kernel32:KERNEL32.dll
 0002:000001f4       __imp__GetCurrentDirectoryA@8 1103b1f4     kernel32:KERNEL32.dll
 0002:000001f8       __imp__SetCurrentDirectoryA@4 1103b1f8     kernel32:KERNEL32.dll
 0002:000001fc       __imp__DisableThreadLibraryCalls@4 1103b1fc     kernel32:KERNEL32.dll
 0002:00000200       __imp__Sleep@4             1103b200     kernel32:KERNEL32.dll
 0002:00000204       __imp__FreeLibrary@4       1103b204     kernel32:KERNEL32.dll
 0002:00000208       __imp__SetEnvironmentVariableW@8 1103b208     kernel32:KERNEL32.dll
 0002:0000020c       \177KERNEL32_NULL_THUNK_DATA 1103b20c     kernel32:KERNEL32.dll
 0002:00000210       __imp__SetupIterateCabinetA@16 1103b210     setupapi:SETUPAPI.dll
 0002:00000214       \177SETUPAPI_NULL_THUNK_DATA 1103b214     setupapi:SETUPAPI.dll
 0002:00000218       __imp__OemToCharA@8        1103b218     user32:USER32.dll
 0002:0000021c       __imp__CharToOemA@8        1103b21c     user32:USER32.dll
 0002:00000220       __imp__wvsprintfA@12       1103b220     user32:USER32.dll
 0002:00000224       \177USER32_NULL_THUNK_DATA 1103b224     user32:USER32.dll
 0002:00000240       ??_C@_00A@?$AA@            1103b240     kei.obj
 0002:00000244       ??_C@_01FDHG@?$CK?$AA@     1103b244     kei.obj
 0002:00000248       ??_C@_01PCFE@?2?$AA@       1103b248     kei.obj
 0002:0000024c       ??_C@_03DCMC@?$CK?4?$CK?$AA@ 1103b24c     kei.obj
 0002:00000250       ??_C@_03PKEJ@txt?$AA@      1103b250     kei.obj
 0002:00000254       ??_C@_03IKNC@exe?$AA@      1103b254     kei.obj
 0002:00000258       ??_C@_03PKBH@cab?$AA@      1103b258     kei.obj
 0002:0000025c       ??_C@_03DBFH@lzh?$AA@      1103b25c     kei.obj
 0002:00000260       ??_C@_01A@?$AA?$AA@        1103b260     kei.obj
 0002:00000264       ??_C@_03JLAJ@kei?$AA@      1103b264     kei.obj
 0002:00000268       ??_C@_04JBA@?4bak?$AA@     1103b268     kei.obj
 0002:00000270       ??_C@_0DA@FFNC@e?5?9n1?5?9s1?5?9y1?5?9gm1?5?9jc1?5?9jr1?5?9x1@ 1103b270     kei.obj
 0002:000002a0       ??_C@_05KIIO@Unlha?$AA@    1103b2a0     kei.obj
 0002:000002a8       ??_C@_0M@MFKA@unlha32?4dll?$AA@ 1103b2a8     kei.obj
 0002:000002b4       ??_C@_01PJCK@?4?$AA@       1103b2b4     kei.obj
 0002:000002b8       ??_C@_02OOND@?4?4?$AA@     1103b2b8     kei.obj
 0002:000002bc       ??_C@_03IIIE@lha?$AA@      1103b2bc     kei.obj
 0002:000002c0       ??_C@_02CFMC@?9l?$AA@      1103b2c0     kei.obj
 0002:000002c4       ??_C@_03FANE@zip?$AA@      1103b2c4     kei.obj
 0002:000002c8       ??_C@_04HDCD@PK?$AD?$AE?$AA@ 1103b2c8     kei.obj
 0002:000002d0       ??_C@_04FHBM@MSCF?$AA@     1103b2d0     kei.obj
 0002:000002d8       _mask_bits                 1103b2d8     unzip32:windll.obj
 0002:0000031c       _VersionDate               1103b31c     unzip32:windll.obj
 0002:00000328       _EndSigMsg                 1103b328     unzip32:windll.obj
 0002:00000374       _CentSigMsg                1103b374     unzip32:windll.obj
 0002:000003bc       _SeekMsg                   1103b3bc     unzip32:windll.obj
 0002:000003f8       _FilenameNotMatched        1103b3f8     unzip32:windll.obj
 0002:0000041c       _ExclFilenameNotMatched    1103b41c     unzip32:windll.obj
 0002:0000044c       _ReportMsg                 1103b44c     unzip32:windll.obj
 0002:000004dc       _Zipnfo                    1103b4dc     unzip32:windll.obj
 0002:000004e4       _CompiledWith              1103b4e4     unzip32:windll.obj
 0002:00000ec0       _ydays                     1103bec0     unzip32:fileio.obj
 0002:00001878       _TruncEAs                  1103c878     unzip32:extract.obj
 0002:000018a4       _TruncNTSD                 1103c8a4     unzip32:extract.obj
 0002:000039c8       ??_C@_07PCLE@LC_TIME?$AA@  1103e9c8     LIBCMT:setlocal.obj
 0002:000039d0       ??_C@_0L@NKG@LC_NUMERIC?$AA@ 1103e9d0     LIBCMT:setlocal.obj
 0002:000039dc       ??_C@_0M@CBIH@LC_MONETARY?$AA@ 1103e9dc     LIBCMT:setlocal.obj
 0002:000039e8       ??_C@_08LFGE@LC_CTYPE?$AA@ 1103e9e8     LIBCMT:setlocal.obj
 0002:000039f4       ??_C@_0L@CFLC@LC_COLLATE?$AA@ 1103e9f4     LIBCMT:setlocal.obj
 0002:00003a00       ??_C@_06GCPK@LC_ALL?$AA@   1103ea00     LIBCMT:setlocal.obj
 0002:00003a08       ??_C@_02BGDO@?$DN?$DL?$AA@ 1103ea08     LIBCMT:setlocal.obj
 0002:00003a0c       ??_C@_01KPOD@?$DN?$AA@     1103ea0c     LIBCMT:setlocal.obj
 0002:00003a10       ??_C@_03DBOJ@_?4?0?$AA@    1103ea10     LIBCMT:setlocal.obj
 0002:00003a14       ??_C@_01NON@_?$AA@         1103ea14     LIBCMT:setlocal.obj
 0002:00003a78       ??_C@_03MNBA@?4?1?2?$AA@   1103ea78     LIBCMT:stati64.obj
 0002:00003a7c       ??_C@_02DIIM@?$DP?$CK?$AA@ 1103ea7c     LIBCMT:stati64.obj
 0002:00003a80       ??_C@_13A@?$AA?$AA?$AA?$AA@ 1103ea80     LIBCMT:a_map.obj
 0002:00003aac       ??_C@_08OBJD@Paraguay?$AA@ 1103eaac     LIBCMT:getqloc.obj
 0002:00003ab8       ??_C@_07GLKH@Uruguay?$AA@  1103eab8     LIBCMT:getqloc.obj
 0002:00003ac0       ??_C@_05FPFC@Chile?$AA@    1103eac0     LIBCMT:getqloc.obj
 0002:00003ac8       ??_C@_07IIGF@Ecuador?$AA@  1103eac8     LIBCMT:getqloc.obj
 0002:00003ad0       ??_C@_09PKAL@Argentina?$AA@ 1103ead0     LIBCMT:getqloc.obj
 0002:00003adc       ??_C@_04LKAH@Peru?$AA@     1103eadc     LIBCMT:getqloc.obj
 0002:00003ae4       ??_C@_08NEEM@Colombia?$AA@ 1103eae4     LIBCMT:getqloc.obj
 0002:00003af0       ??_C@_09ODEB@Venezuela?$AA@ 1103eaf0     LIBCMT:getqloc.obj
 0002:00003afc       ??_C@_0BD@CLEL@Dominican?5Republic?$AA@ 1103eafc     LIBCMT:getqloc.obj
 0002:00003b10       ??_C@_0N@MDGL@South?5Africa?$AA@ 1103eb10     LIBCMT:getqloc.obj
 0002:00003b20       ??_C@_06NKBG@Panama?$AA@   1103eb20     LIBCMT:getqloc.obj
 0002:00003b28       ??_C@_0L@BMHO@Luxembourg?$AA@ 1103eb28     LIBCMT:getqloc.obj
 0002:00003b34       ??_C@_0L@IMDK@Costa?5Rica?$AA@ 1103eb34     LIBCMT:getqloc.obj
 0002:00003b40       ??_C@_0M@BLJF@Switzerland?$AA@ 1103eb40     LIBCMT:getqloc.obj
 0002:00003b4c       ??_C@_09KBOL@Guatemala?$AA@ 1103eb4c     LIBCMT:getqloc.obj
 0002:00003b58       ??_C@_06JNAK@Canada?$AA@   1103eb58     LIBCMT:getqloc.obj
 0002:00003b60       ??_C@_0BG@OLLP@Spanish?5?9?5Modern?5Sort?$AA@ 1103eb60     LIBCMT:getqloc.obj
 0002:00003b78       ??_C@_09IDKE@Australia?$AA@ 1103eb78     LIBCMT:getqloc.obj
 0002:00003b84       ??_C@_07JJJJ@English?$AA@  1103eb84     LIBCMT:getqloc.obj
 0002:00003b8c       ??_C@_07NMDO@Austria?$AA@  1103eb8c     LIBCMT:getqloc.obj
 0002:00003b94       ??_C@_06DEFE@German?$AA@   1103eb94     LIBCMT:getqloc.obj
 0002:00003b9c       ??_C@_07JAIH@Belgium?$AA@  1103eb9c     LIBCMT:getqloc.obj
 0002:00003ba4       ??_C@_06BNLJ@Mexico?$AA@   1103eba4     LIBCMT:getqloc.obj
 0002:00003bac       ??_C@_07JHAG@Spanish?$AA@  1103ebac     LIBCMT:getqloc.obj
 0002:00003bb4       ??_C@_06DADE@Basque?$AA@   1103ebb4     LIBCMT:getqloc.obj
 0002:00003bbc       ??_C@_06ENFP@Sweden?$AA@   1103ebbc     LIBCMT:getqloc.obj
 0002:00003bc4       ??_C@_07JPMH@Swedish?$AA@  1103ebc4     LIBCMT:getqloc.obj
 0002:00003bcc       ??_C@_07IEKF@Iceland?$AA@  1103ebcc     LIBCMT:getqloc.obj
 0002:00003bd4       ??_C@_09KNEA@Icelandic?$AA@ 1103ebd4     LIBCMT:getqloc.obj
 0002:00003be0       ??_C@_06IJOD@France?$AA@   1103ebe0     LIBCMT:getqloc.obj
 0002:00003be8       ??_C@_06EINI@French?$AA@   1103ebe8     LIBCMT:getqloc.obj
 0002:00003bf0       ??_C@_07FOOE@Finland?$AA@  1103ebf0     LIBCMT:getqloc.obj
 0002:00003bf8       ??_C@_07OJOM@Finnish?$AA@  1103ebf8     LIBCMT:getqloc.obj
 0002:00003c00       ??_C@_05FFAC@Spain?$AA@    1103ec00     LIBCMT:getqloc.obj
 0002:00003c08       ??_C@_0BL@BIHM@Spanish?5?9?5Traditional?5Sort?$AA@ 1103ec08     LIBCMT:getqloc.obj
 0002:00003c24       ??_C@_0O@GLHB@united?9states?$AA@ 1103ec24     LIBCMT:getqloc.obj
 0002:00003c34       ??_C@_0P@IIKK@united?9kingdom?$AA@ 1103ec34     LIBCMT:getqloc.obj
 0002:00003c44       ??_C@_0BC@FHBO@trinidad?5?$CG?5tobago?$AA@ 1103ec44     LIBCMT:getqloc.obj
 0002:00003c58       ??_C@_0M@BDFM@south?9korea?$AA@ 1103ec58     LIBCMT:getqloc.obj
 0002:00003c64       ??_C@_0N@CKFA@south?9africa?$AA@ 1103ec64     LIBCMT:getqloc.obj
 0002:00003c74       ??_C@_0M@HNHN@south?5korea?$AA@ 1103ec74     LIBCMT:getqloc.obj
 0002:00003c80       ??_C@_0N@MKDO@south?5africa?$AA@ 1103ec80     LIBCMT:getqloc.obj
 0002:00003c90       ??_C@_06KFFJ@slovak?$AA@   1103ec90     LIBCMT:getqloc.obj
 0002:00003c98       ??_C@_0M@NMAC@puerto?9rico?$AA@ 1103ec98     LIBCMT:getqloc.obj
 0002:00003ca4       ??_C@_08EJOH@pr?9china?$AA@ 1103eca4     LIBCMT:getqloc.obj
 0002:00003cb0       ??_C@_08CHMG@pr?5china?$AA@ 1103ecb0     LIBCMT:getqloc.obj
 0002:00003cbc       ??_C@_02OCJK@nz?$AA@       1103ecbc     LIBCMT:getqloc.obj
 0002:00003cc0       ??_C@_0M@MMKA@new?9zealand?$AA@ 1103ecc0     LIBCMT:getqloc.obj
 0002:00003ccc       ??_C@_09MGEH@hong?9kong?$AA@ 1103eccc     LIBCMT:getqloc.obj
 0002:00003cd8       ??_C@_07CCAK@holland?$AA@  1103ecd8     LIBCMT:getqloc.obj
 0002:00003ce0       ??_C@_0O@MEPL@great?5britain?$AA@ 1103ece0     LIBCMT:getqloc.obj
 0002:00003cf0       ??_C@_07LGIB@england?$AA@  1103ecf0     LIBCMT:getqloc.obj
 0002:00003cf8       ??_C@_05BMOA@czech?$AA@    1103ecf8     LIBCMT:getqloc.obj
 0002:00003d00       ??_C@_05NMPB@china?$AA@    1103ed00     LIBCMT:getqloc.obj
 0002:00003d08       ??_C@_07GN@britain?$AA@    1103ed08     LIBCMT:getqloc.obj
 0002:00003d10       ??_C@_07DLAK@america?$AA@  1103ed10     LIBCMT:getqloc.obj
 0002:00003d18       ??_C@_03IPEP@usa?$AA@      1103ed18     LIBCMT:getqloc.obj
 0002:00003d1c       ??_C@_02PILH@us?$AA@       1103ed1c     LIBCMT:getqloc.obj
 0002:00003d20       ??_C@_02FHP@uk?$AA@        1103ed20     LIBCMT:getqloc.obj
 0002:00003d24       ??_C@_05DEAI@swiss?$AA@    1103ed24     LIBCMT:getqloc.obj
 0002:00003d2c       ??_C@_0BA@LIAF@swedish?9finland?$AA@ 1103ed2c     LIBCMT:getqloc.obj
 0002:00003d3c       ??_C@_0BC@FMEG@spanish?9venezuela?$AA@ 1103ed3c     LIBCMT:getqloc.obj
 0002:00003d50       ??_C@_0BA@BNMG@spanish?9uruguay?$AA@ 1103ed50     LIBCMT:getqloc.obj
 0002:00003d60       ??_C@_0BE@BKDJ@spanish?9puerto?5rico?$AA@ 1103ed60     LIBCMT:getqloc.obj
 0002:00003d74       ??_C@_0N@JIBL@spanish?9peru?$AA@ 1103ed74     LIBCMT:getqloc.obj
 0002:00003d84       ??_C@_0BB@OGOF@spanish?9paraguay?$AA@ 1103ed84     LIBCMT:getqloc.obj
 0002:00003d98       ??_C@_0P@LLFA@spanish?9panama?$AA@ 1103ed98     LIBCMT:getqloc.obj
 0002:00003da8       ??_C@_0BC@BBJM@spanish?9nicaragua?$AA@ 1103eda8     LIBCMT:getqloc.obj
 0002:00003dbc       ??_C@_0P@NJBN@spanish?9modern?$AA@ 1103edbc     LIBCMT:getqloc.obj
 0002:00003dcc       ??_C@_0BA@NHDN@spanish?9mexican?$AA@ 1103edcc     LIBCMT:getqloc.obj
 0002:00003ddc       ??_C@_0BB@JHOJ@spanish?9honduras?$AA@ 1103eddc     LIBCMT:getqloc.obj
 0002:00003df0       ??_C@_0BC@BOOM@spanish?9guatemala?$AA@ 1103edf0     LIBCMT:getqloc.obj
 0002:00003e04       ??_C@_0BE@EELI@spanish?9el?5salvador?$AA@ 1103ee04     LIBCMT:getqloc.obj
 0002:00003e18       ??_C@_0BA@POAE@spanish?9ecuador?$AA@ 1103ee18     LIBCMT:getqloc.obj
 0002:00003e28       ??_C@_0BL@LDKN@spanish?9dominican?5republic?$AA@ 1103ee28     LIBCMT:getqloc.obj
 0002:00003e44       ??_C@_0BD@HPMH@spanish?9costa?5rica?$AA@ 1103ee44     LIBCMT:getqloc.obj
 0002:00003e58       ??_C@_0BB@NDDK@spanish?9colombia?$AA@ 1103ee58     LIBCMT:getqloc.obj
 0002:00003e6c       ??_C@_0O@BJHA@spanish?9chile?$AA@ 1103ee6c     LIBCMT:getqloc.obj
 0002:00003e7c       ??_C@_0BA@OBNG@spanish?9bolivia?$AA@ 1103ee7c     LIBCMT:getqloc.obj
 0002:00003e8c       ??_C@_0BC@EFAM@spanish?9argentina?$AA@ 1103ee8c     LIBCMT:getqloc.obj
 0002:00003ea0       ??_C@_0BF@KMMM@portuguese?9brazilian?$AA@ 1103eea0     LIBCMT:getqloc.obj
 0002:00003eb8       ??_C@_0BC@BAAE@norwegian?9nynorsk?$AA@ 1103eeb8     LIBCMT:getqloc.obj
 0002:00003ecc       ??_C@_0BB@PBHK@norwegian?9bokmal?$AA@ 1103eecc     LIBCMT:getqloc.obj
 0002:00003ee0       ??_C@_09EHKL@norwegian?$AA@ 1103eee0     LIBCMT:getqloc.obj
 0002:00003eec       ??_C@_0O@BEAN@italian?9swiss?$AA@ 1103eeec     LIBCMT:getqloc.obj
 0002:00003efc       ??_C@_0O@OIFK@irish?9english?$AA@ 1103eefc     LIBCMT:getqloc.obj
 0002:00003f0c       ??_C@_0N@NBPL@german?9swiss?$AA@ 1103ef0c     LIBCMT:getqloc.obj
 0002:00003f1c       ??_C@_0BC@ICFJ@german?9luxembourg?$AA@ 1103ef1c     LIBCMT:getqloc.obj
 0002:00003f30       ??_C@_0BE@GGPC@german?9lichtenstein?$AA@ 1103ef30     LIBCMT:getqloc.obj
 0002:00003f44       ??_C@_0BA@MKDC@german?9austrian?$AA@ 1103ef44     LIBCMT:getqloc.obj
 0002:00003f54       ??_C@_0N@ODNB@french?9swiss?$AA@ 1103ef54     LIBCMT:getqloc.obj
 0002:00003f64       ??_C@_0BC@MGCM@french?9luxembourg?$AA@ 1103ef64     LIBCMT:getqloc.obj
 0002:00003f78       ??_C@_0BA@NABK@french?9canadian?$AA@ 1103ef78     LIBCMT:getqloc.obj
 0002:00003f88       ??_C@_0P@CJNO@french?9belgian?$AA@ 1103ef88     LIBCMT:getqloc.obj
 0002:00003f98       ??_C@_0M@LJOL@english?9usa?$AA@ 1103ef98     LIBCMT:getqloc.obj
 0002:00003fa4       ??_C@_0L@FMNC@english?9us?$AA@ 1103efa4     LIBCMT:getqloc.obj
 0002:00003fb0       ??_C@_0L@KBBK@english?9uk?$AA@ 1103efb0     LIBCMT:getqloc.obj
 0002:00003fbc       ??_C@_0BK@NDDE@english?9trinidad?5y?5tobago?$AA@ 1103efbc     LIBCMT:getqloc.obj
 0002:00003fd8       ??_C@_0BF@LKML@english?9south?5africa?$AA@ 1103efd8     LIBCMT:getqloc.obj
 0002:00003ff0       ??_C@_0L@EGPP@english?9nz?$AA@ 1103eff0     LIBCMT:getqloc.obj
 0002:00003ffc       ??_C@_0BA@HLH@english?9jamaica?$AA@ 1103effc     LIBCMT:getqloc.obj
 0002:0000400c       ??_C@_0M@PMJI@english?9ire?$AA@ 1103f00c     LIBCMT:getqloc.obj
 0002:00004018       ??_C@_0BC@HINE@english?9caribbean?$AA@ 1103f018     LIBCMT:getqloc.obj
 0002:0000402c       ??_C@_0M@DCFH@english?9can?$AA@ 1103f02c     LIBCMT:getqloc.obj
 0002:00004038       ??_C@_0P@DGHK@english?9belize?$AA@ 1103f038     LIBCMT:getqloc.obj
 0002:00004048       ??_C@_0M@FLHK@english?9aus?$AA@ 1103f048     LIBCMT:getqloc.obj
 0002:00004054       ??_C@_0BB@HNCK@english?9american?$AA@ 1103f054     LIBCMT:getqloc.obj
 0002:00004068       ??_C@_0O@PAMI@dutch?9belgian?$AA@ 1103f068     LIBCMT:getqloc.obj
 0002:00004078       ??_C@_0BE@FPEJ@chinese?9traditional?$AA@ 1103f078     LIBCMT:getqloc.obj
 0002:0000408c       ??_C@_0BC@CHFL@chinese?9singapore?$AA@ 1103f08c     LIBCMT:getqloc.obj
 0002:000040a0       ??_C@_0BD@DCMH@chinese?9simplified?$AA@ 1103f0a0     LIBCMT:getqloc.obj
 0002:000040b4       ??_C@_0BB@JMOE@chinese?9hongkong?$AA@ 1103f0b4     LIBCMT:getqloc.obj
 0002:000040c8       ??_C@_07NGFN@chinese?$AA@  1103f0c8     LIBCMT:getqloc.obj
 0002:000040d0       ??_C@_03PCOI@chi?$AA@      1103f0d0     LIBCMT:getqloc.obj
 0002:000040d4       ??_C@_03FIHP@chh?$AA@      1103f0d4     LIBCMT:getqloc.obj
 0002:000040d8       ??_C@_08HFLO@canadian?$AA@ 1103f0d8     LIBCMT:getqloc.obj
 0002:000040e4       ??_C@_07INIJ@belgian?$AA@  1103f0e4     LIBCMT:getqloc.obj
 0002:000040ec       ??_C@_0L@LCCA@australian?$AA@ 1103f0ec     LIBCMT:getqloc.obj
 0002:000040f8       ??_C@_0BB@BJIO@american?9english?$AA@ 1103f0f8     LIBCMT:getqloc.obj
 0002:0000410c       ??_C@_0BB@DAGO@american?5english?$AA@ 1103f10c     LIBCMT:getqloc.obj
 0002:00004120       ??_C@_08HENB@american?$AA@ 1103f120     LIBCMT:getqloc.obj
 0002:0000412c       ??_C@_03DGJE@OCP?$AA@      1103f12c     LIBCMT:getqloc.obj
 0002:00004130       ??_C@_03EKFG@ACP?$AA@      1103f130     LIBCMT:getqloc.obj
 0002:00004134       ??_C@_0BH@PHHF@__GLOBAL_HEAP_SELECTED?$AA@ 1103f134     LIBCMT:heapinit.obj
 0002:0000414c       ??_C@_0BF@BBGL@__MSVCRT_HEAP_SELECT?$AA@ 1103f14c     LIBCMT:heapinit.obj
 0002:00004164       ___lookuptable             1103f164     LIBCMT:output.obj
 0002:000041c0       ??_C@_1O@POHA@?$AA?$CI?$AAn?$AAu?$AAl?$AAl?$AA?$CJ?$AA?$AA@ 1103f1c0     LIBCMT:output.obj
 0002:000041d0       ??_C@_06ONKE@?$CInull?$CJ?$AA@ 1103f1d0     LIBCMT:output.obj
 0002:000041d8       ??_C@_0P@GGKG@runtime?5error?5?$AA@ 1103f1d8     LIBCMT:crt0msg.obj
 0002:000041e8       ??_C@_0O@DELO@TLOSS?5error?$AN?6?$AA@ 1103f1e8     LIBCMT:crt0msg.obj
 0002:000041f8       ??_C@_0N@OMLL@SING?5error?$AN?6?$AA@ 1103f1f8     LIBCMT:crt0msg.obj
 0002:00004208       ??_C@_0P@OJAK@DOMAIN?5error?$AN?6?$AA@ 1103f208     LIBCMT:crt0msg.obj
 0002:00004218       ??_C@_0CF@EANP@R6028?$AN?6?9?5unable?5to?5initialize?5he@ 1103f218     LIBCMT:crt0msg.obj
 0002:00004240       ??_C@_0DF@ECGN@R6027?$AN?6?9?5not?5enough?5space?5for?5lo@ 1103f240     LIBCMT:crt0msg.obj
 0002:00004278       ??_C@_0DF@FKAC@R6026?$AN?6?9?5not?5enough?5space?5for?5st@ 1103f278     LIBCMT:crt0msg.obj
 0002:000042b0       ??_C@_0CG@DPMN@R6025?$AN?6?9?5pure?5virtual?5function?5c@ 1103f2b0     LIBCMT:crt0msg.obj
 0002:000042d8       ??_C@_0DF@CKIP@R6024?$AN?6?9?5not?5enough?5space?5for?5_o@ 1103f2d8     LIBCMT:crt0msg.obj
 0002:00004310       ??_C@_0CJ@GGOE@R6019?$AN?6?9?5unable?5to?5open?5console?5@ 1103f310     LIBCMT:crt0msg.obj
 0002:0000433c       ??_C@_0CB@LBOB@R6018?$AN?6?9?5unexpected?5heap?5error?$AN?6@ 1103f33c     LIBCMT:crt0msg.obj
 0002:00004360       ??_C@_0CN@FPEG@R6017?$AN?6?9?5unexpected?5multithread?5@ 1103f360     LIBCMT:crt0msg.obj
 0002:00004390       ??_C@_0CM@OBIC@R6016?$AN?6?9?5not?5enough?5space?5for?5th@ 1103f390     LIBCMT:crt0msg.obj
 0002:000043bc       ??_C@_0CB@HPAL@?$AN?6abnormal?5program?5termination?$AN?6@ 1103f3bc     LIBCMT:crt0msg.obj
 0002:000043e0       ??_C@_0CM@JOOB@R6009?$AN?6?9?5not?5enough?5space?5for?5en@ 1103f3e0     LIBCMT:crt0msg.obj
 0002:0000440c       ??_C@_0CK@OIBL@R6008?$AN?6?9?5not?5enough?5space?5for?5ar@ 1103f40c     LIBCMT:crt0msg.obj
 0002:00004438       ??_C@_0CF@LKPB@R6002?$AN?6?9?5floating?5point?5not?5load@ 1103f438     LIBCMT:crt0msg.obj
 0002:00004460       ??_C@_0CF@JPDF@Microsoft?5Visual?5C?$CL?$CL?5Runtime?5Lib@ 1103f460     LIBCMT:crt0msg.obj
 0002:00004488       ??_C@_0BK@DEOK@Runtime?5Error?$CB?6?6Program?3?5?$AA@ 1103f488     LIBCMT:crt0msg.obj
 0002:000044a4       ??_C@_0BH@NNCD@?$DMprogram?5name?5unknown?$DO?$AA@ 1103f4a4     LIBCMT:crt0msg.obj
 0002:000044d8       ??_C@_0BG@JPLP@Illegal?5byte?5sequence?$AA@ 1103f4d8     LIBCMT:syserr.obj
 0002:000044f0       ??_C@_0BE@FLBN@Directory?5not?5empty?$AA@ 1103f4f0     LIBCMT:syserr.obj
 0002:00004504       ??_C@_0BJ@KAFL@Function?5not?5implemented?$AA@ 1103f504     LIBCMT:syserr.obj
 0002:00004520       ??_C@_0BD@CEML@No?5locks?5available?$AA@ 1103f520     LIBCMT:syserr.obj
 0002:00004534       ??_C@_0BC@GADJ@Filename?5too?5long?$AA@ 1103f534     LIBCMT:syserr.obj
 0002:00004548       ??_C@_0BK@FNFN@Resource?5deadlock?5avoided?$AA@ 1103f548     LIBCMT:syserr.obj
 0002:00004564       ??_C@_0BB@EALI@Result?5too?5large?$AA@ 1103f564     LIBCMT:syserr.obj
 0002:00004578       ??_C@_0N@FIAN@Domain?5error?$AA@ 1103f578     LIBCMT:syserr.obj
 0002:00004588       ??_C@_0M@CLKF@Broken?5pipe?$AA@ 1103f588     LIBCMT:syserr.obj
 0002:00004594       ??_C@_0P@OFDM@Too?5many?5links?$AA@ 1103f594     LIBCMT:syserr.obj
 0002:000045a4       ??_C@_0BG@OHDM@Read?9only?5file?5system?$AA@ 1103f5a4     LIBCMT:syserr.obj
 0002:000045bc       ??_C@_0N@NGPA@Invalid?5seek?$AA@ 1103f5bc     LIBCMT:syserr.obj
 0002:000045cc       ??_C@_0BI@DMFE@No?5space?5left?5on?5device?$AA@ 1103f5cc     LIBCMT:syserr.obj
 0002:000045e4       ??_C@_0P@OPNK@File?5too?5large?$AA@ 1103f5e4     LIBCMT:syserr.obj
 0002:000045f4       ??_C@_0CE@BADJ@Inappropriate?5I?1O?5control?5operat@ 1103f5f4     LIBCMT:syserr.obj
 0002:00004618       ??_C@_0BE@COOK@Too?5many?5open?5files?$AA@ 1103f618     LIBCMT:syserr.obj
 0002:0000462c       ??_C@_0BO@ELHF@Too?5many?5open?5files?5in?5system?$AA@ 1103f62c     LIBCMT:syserr.obj
 0002:0000464c       ??_C@_0BB@IHAB@Invalid?5argument?$AA@ 1103f64c     LIBCMT:syserr.obj
 0002:00004660       ??_C@_0P@NDNC@Is?5a?5directory?$AA@ 1103f660     LIBCMT:syserr.obj
 0002:00004670       ??_C@_0BA@JMMO@Not?5a?5directory?$AA@ 1103f670     LIBCMT:syserr.obj
 0002:00004680       ??_C@_0P@GFAI@No?5such?5device?$AA@ 1103f680     LIBCMT:syserr.obj
 0002:00004690       ??_C@_0O@KHHM@Improper?5link?$AA@ 1103f690     LIBCMT:syserr.obj
 0002:000046a0       ??_C@_0M@EPHJ@File?5exists?$AA@ 1103f6a0     LIBCMT:syserr.obj
 0002:000046ac       ??_C@_0BA@LPOH@Resource?5device?$AA@ 1103f6ac     LIBCMT:syserr.obj
 0002:000046bc       ??_C@_0O@NOFB@Unknown?5error?$AA@ 1103f6bc     LIBCMT:syserr.obj
 0002:000046cc       ??_C@_0M@MLJM@Bad?5address?$AA@ 1103f6cc     LIBCMT:syserr.obj
 0002:000046d8       ??_C@_0BC@DJON@Permission?5denied?$AA@ 1103f6d8     LIBCMT:syserr.obj
 0002:000046ec       ??_C@_0BB@KDDC@Not?5enough?5space?$AA@ 1103f6ec     LIBCMT:syserr.obj
 0002:00004700       ??_C@_0CB@BBBH@Resource?5temporarily?5unavailable@ 1103f700     LIBCMT:syserr.obj
 0002:00004724       ??_C@_0BD@ODIH@No?5child?5processes?$AA@ 1103f724     LIBCMT:syserr.obj
 0002:00004738       ??_C@_0BE@CDDH@Bad?5file?5descriptor?$AA@ 1103f738     LIBCMT:syserr.obj
 0002:0000474c       ??_C@_0BC@BICL@Exec?5format?5error?$AA@ 1103f74c     LIBCMT:syserr.obj
 0002:00004760       ??_C@_0BC@IGMC@Arg?5list?5too?5long?$AA@ 1103f760     LIBCMT:syserr.obj
 0002:00004774       ??_C@_0BK@HLB@No?5such?5device?5or?5address?$AA@ 1103f774     LIBCMT:syserr.obj
 0002:00004790       ??_C@_0BD@MPKK@Input?1output?5error?$AA@ 1103f790     LIBCMT:syserr.obj
 0002:000047a4       ??_C@_0BK@ODCM@Interrupted?5function?5call?$AA@ 1103f7a4     LIBCMT:syserr.obj
 0002:000047c0       ??_C@_0BA@BPKN@No?5such?5process?$AA@ 1103f7c0     LIBCMT:syserr.obj
 0002:000047d0       ??_C@_0BK@IEMO@No?5such?5file?5or?5directory?$AA@ 1103f7d0     LIBCMT:syserr.obj
 0002:000047ec       ??_C@_0BI@IIAE@Operation?5not?5permitted?$AA@ 1103f7ec     LIBCMT:syserr.obj
 0002:00004804       ??_C@_08KKBH@No?5error?$AA@ 1103f804     LIBCMT:syserr.obj
 0002:0000481c       ___dnames                  1103f81c     LIBCMT:timeset.obj
 0002:00004834       ___mnames                  1103f834     LIBCMT:timeset.obj
 0002:0000485c       ??_C@_02JHIA@TZ?$AA@       1103f85c     LIBCMT:tzset.obj
 0002:00004860       ??_C@_04GGNP@?4com?$AA@    1103f860     LIBCMT:stat.obj
 0002:00004868       ??_C@_04KBDN@?4bat?$AA@    1103f868     LIBCMT:stat.obj
 0002:00004870       ??_C@_04LFKF@?4cmd?$AA@    1103f870     LIBCMT:stat.obj
 0002:00004878       ??_C@_04NFOM@?4exe?$AA@    1103f878     LIBCMT:stat.obj
 0002:00004880       ??_C@_07CJME@H?3mm?3ss?$AA@ 1103f880     LIBCMT:strftime.obj
 0002:00004888       ??_C@_0BE@MHI@dddd?0?5MMMM?5dd?0?5yyyy?$AA@ 1103f888     LIBCMT:strftime.obj
 0002:0000489c       ??_C@_06HCAD@M?1d?1yy?$AA@ 1103f89c     LIBCMT:strftime.obj
 0002:000048a4       ??_C@_02DBLP@PM?$AA@       1103f8a4     LIBCMT:strftime.obj
 0002:000048a8       ??_C@_02ENLM@AM?$AA@       1103f8a8     LIBCMT:strftime.obj
 0002:000048ac       ??_C@_08LIDF@December?$AA@ 1103f8ac     LIBCMT:strftime.obj
 0002:000048b8       ??_C@_08NJLI@November?$AA@ 1103f8b8     LIBCMT:strftime.obj
 0002:000048c4       ??_C@_07IAMM@October?$AA@  1103f8c4     LIBCMT:strftime.obj
 0002:000048cc       ??_C@_09MKGD@September?$AA@ 1103f8cc     LIBCMT:strftime.obj
 0002:000048d8       ??_C@_06PADP@August?$AA@   1103f8d8     LIBCMT:strftime.obj
 0002:000048e0       ??_C@_04PIJO@July?$AA@     1103f8e0     LIBCMT:strftime.obj
 0002:000048e8       ??_C@_04ICFP@June?$AA@     1103f8e8     LIBCMT:strftime.obj
 0002:000048f0       ??_C@_05JFGC@April?$AA@    1103f8f0     LIBCMT:strftime.obj
 0002:000048f8       ??_C@_05FGPD@March?$AA@    1103f8f8     LIBCMT:strftime.obj
 0002:00004900       ??_C@_08PGBA@February?$AA@ 1103f900     LIBCMT:strftime.obj
 0002:0000490c       ??_C@_07BPKJ@January?$AA@  1103f90c     LIBCMT:strftime.obj
 0002:00004914       ??_C@_03PGJO@Dec?$AA@      1103f914     LIBCMT:strftime.obj
 0002:00004918       ??_C@_03PDLM@Nov?$AA@      1103f918     LIBCMT:strftime.obj
 0002:0000491c       ??_C@_03BLHK@Oct?$AA@      1103f91c     LIBCMT:strftime.obj
 0002:00004920       ??_C@_03DPFM@Sep?$AA@      1103f920     LIBCMT:strftime.obj
 0002:00004924       ??_C@_03CMCH@Aug?$AA@      1103f924     LIBCMT:strftime.obj
 0002:00004928       ??_C@_03OBKI@Jul?$AA@      1103f928     LIBCMT:strftime.obj
 0002:0000492c       ??_C@_03LEIG@Jun?$AA@      1103f92c     LIBCMT:strftime.obj
 0002:00004930       ??_C@_03MGHB@May?$AA@      1103f930     LIBCMT:strftime.obj
 0002:00004934       ??_C@_03MJJM@Apr?$AA@      1103f934     LIBCMT:strftime.obj
 0002:00004938       ??_C@_03GNHA@Mar?$AA@      1103f938     LIBCMT:strftime.obj
 0002:0000493c       ??_C@_03PICE@Feb?$AA@      1103f93c     LIBCMT:strftime.obj
 0002:00004940       ??_C@_03IEIF@Jan?$AA@      1103f940     LIBCMT:strftime.obj
 0002:00004944       ??_C@_08FAKH@Saturday?$AA@ 1103f944     LIBCMT:strftime.obj
 0002:00004950       ??_C@_06ONCK@Friday?$AA@   1103f950     LIBCMT:strftime.obj
 0002:00004958       ??_C@_08CCFO@Thursday?$AA@ 1103f958     LIBCMT:strftime.obj
 0002:00004964       ??_C@_09PBIN@Wednesday?$AA@ 1103f964     LIBCMT:strftime.obj
 0002:00004970       ??_C@_07BMBC@Tuesday?$AA@  1103f970     LIBCMT:strftime.obj
 0002:00004978       ??_C@_06CHLK@Monday?$AA@   1103f978     LIBCMT:strftime.obj
 0002:00004980       ??_C@_06OOEM@Sunday?$AA@   1103f980     LIBCMT:strftime.obj
 0002:00004988       ??_C@_03MPKK@Sat?$AA@      1103f988     LIBCMT:strftime.obj
 0002:0000498c       ??_C@_03FINJ@Fri?$AA@      1103f98c     LIBCMT:strftime.obj
 0002:00004990       ??_C@_03HIKC@Thu?$AA@      1103f990     LIBCMT:strftime.obj
 0002:00004994       ??_C@_03HECK@Wed?$AA@      1103f994     LIBCMT:strftime.obj
 0002:00004998       ??_C@_03ECCP@Tue?$AA@      1103f998     LIBCMT:strftime.obj
 0002:0000499c       ??_C@_03PIEP@Mon?$AA@      1103f99c     LIBCMT:strftime.obj
 0002:000049a0       ??_C@_03FHEP@Sun?$AA@      1103f9a0     LIBCMT:strftime.obj
 0002:000049c0       ??_C@_0BD@NJFP@GetLastActivePopup?$AA@ 1103f9c0     LIBCMT:crtmbox.obj
 0002:000049d4       ??_C@_0BA@GILI@GetActiveWindow?$AA@ 1103f9d4     LIBCMT:crtmbox.obj
 0002:000049e4       ??_C@_0M@PKCK@MessageBoxA?$AA@ 1103f9e4     LIBCMT:crtmbox.obj
 0002:000049f0       ??_C@_0L@HKL@user32?4dll?$AA@ 1103f9f0     LIBCMT:crtmbox.obj
 0002:00004a68       __IMPORT_DESCRIPTOR_KERNEL32 1103fa68     kernel32:KERNEL32.dll
 0002:00004a7c       __IMPORT_DESCRIPTOR_SETUPAPI 1103fa7c     setupapi:SETUPAPI.dll
 0002:00004a90       __IMPORT_DESCRIPTOR_USER32 1103fa90     user32:USER32.dll
 0002:00004aa4       __IMPORT_DESCRIPTOR_ADVAPI32 1103faa4     advapi32:ADVAPI32.dll
 0002:00004ab8       __NULL_IMPORT_DESCRIPTOR   1103fab8     kernel32:KERNEL32.dll
 0003:00000000       ___xc_a                    11041000     LIBCMT:crt0init.obj
 0003:00000008       ___xc_z                    11041008     LIBCMT:crt0init.obj
 0003:0000000c       ___xi_a                    1104100c     LIBCMT:crt0init.obj
 0003:0000001c       ___xi_z                    1104101c     LIBCMT:crt0init.obj
 0003:00000020       ___xp_a                    11041020     LIBCMT:crt0init.obj
 0003:00000028       ___xp_z                    11041028     LIBCMT:crt0init.obj
 0003:0000002c       ___xt_a                    1104102c     LIBCMT:crt0init.obj
 0003:00000030       ___xt_z                    11041030     LIBCMT:crt0init.obj
 0003:00000040       ??_C@_0BP@CJJA@Creating?5file?5list?5from?5string?$AA@ 11041040     unzip32:windll.obj
 0003:00000060       ??_C@_02HAJC@?5?$EA?$AA@   11041060     unzip32:windll.obj
 0003:00000064       ??_C@_0BO@PCCA@Password?5incorrect?9?9reenter?3?5?$AA@ 11041064     unzip32:windll.obj
 0003:00000084       ??_C@_0BF@LKFB@Enter?5password?5for?3?5?$AA@ 11041084     unzip32:windll.obj
 0003:0000009c       ??_C@_01FCOA@?5?$AA@       1104109c     unzip32:windll.obj
 0003:000000a0       _central_hdr_sig           110410a0     unzip32:globals.obj
 0003:000000a4       _local_hdr_sig             110410a4     unzip32:globals.obj
 0003:000000a8       _end_central_sig           110410a8     unzip32:globals.obj
 0003:000000ac       _end_central64_sig         110410ac     unzip32:globals.obj
 0003:000000b0       _end_centloc64_sig         110410b0     unzip32:globals.obj
 0003:000000b4       _fnames                    110410b4     unzip32:globals.obj
 0003:000000bc       ??_C@_01KBOJ@s?$AA@        110410bc     unzip32:process.obj
 0003:000000c0       ??_C@_06HPMO@s?5were?$AA@  110410c0     unzip32:process.obj
 0003:000000c8       ??_C@_04POK@?4zip?$AA@     110410c8     unzip32:process.obj
 0003:000000d0       ??_C@_04DKIC@?5was?$AA@    110410d0     unzip32:process.obj
 0003:000000d8       ??_C@_01BJG@?6?$AA@        110410d8     unzip32:process.obj
 0003:000000dc       ??_C@_03BLHE@TZ?$DN?$AA@   110410dc     unzip32:process.obj
 0003:000000e0       ??_C@_02IHLC@?5?5?$AA@     110410e0     unzip32:process.obj
 0003:000000e4       ??_C@_0BC@GOPP@?$CFsEmpty?5zipfile?4?6?$AA@ 110410e4     unzip32:process.obj
 0003:000000f8       ??_C@_03LDCK@?6?5?5?$AA@   110410f8     unzip32:process.obj
 0003:000000fc       ??_C@_05NIPM@?$FL?$CFs?$FN?6?$AA@ 110410fc     unzip32:process.obj
 0003:00000104       ??_C@_02NGAF@wb?$AA@       11041104     unzip32:fileio.obj
 0003:00000108       ??_C@_0DF@ECE@?$FLWarning?3?5CRC?5error?0?5discarding?5@ 11041108     unzip32:fileio.obj
 0003:00000140       ??_C@_07GFDE@?$FL?5?$CFs?5?$FN?6?$AA@ 11041140     unzip32:fileio.obj
 0003:00000148       ??_C@_02JJJH@?6?6?$AA@     11041148     unzip32:fileio.obj
[...]
 0001:00001290       _$E19                      11002290 f   kei.obj
 0001:000012b0       _$E18                      110022b0 f   kei.obj
 0001:00012f20       _partial_clear             11013f20 f   unzip32:unshrink.obj
 0001:00011cf0       _get_tree                  11012cf0 f   unzip32:explode.obj
 0001:00011db0       _explode_lit               11012db0 f   unzip32:explode.obj
 0001:00012480       _explode_nolit             11013480 f   unzip32:explode.obj
 0001:00011990       _make_crc_table            11012990 f   unzip32:crc32.obj
 0001:00011590       _Initialize                11012590 f   unzip32:nt.obj
 0001:00011650       _GetRemotePrivilegesSet    11012650 f   unzip32:nt.obj
 0001:00011890       _InitLocalPrivileges       11012890 f   unzip32:nt.obj
 0001:00010f60       _testp                     11011f60 f   unzip32:crypt.obj
 0001:00010fe0       _testkey                   11011fe0 f   unzip32:crypt.obj
 0001:0000e490       _zi_long                   1100f490 f   unzip32:zipinfo.obj
 0001:0000fed0       _zi_short                  11010ed0 f   unzip32:zipinfo.obj
 0001:00010810       _zi_showMacTypeCreator     11011810 f   unzip32:zipinfo.obj
 0001:00010ab0       _zi_time                   11011ab0 f   unzip32:zipinfo.obj
 0001:0000d680       _fn_is_dir                 1100e680 f   unzip32:list.obj
 0001:0000a4d0       _store_info                1100b4d0 f   unzip32:extract.obj
 0001:0000a900       _extract_or_test_entrylist 1100b900 f   unzip32:extract.obj
 0001:0000b520       _extract_or_test_member    1100c520 f   unzip32:extract.obj
 0001:0000c050       _TestExtraField            1100d050 f   unzip32:extract.obj
 0001:0000c6b0       _test_compr_eb             1100d6b0 f   unzip32:extract.obj
 0001:0000cb00       _decompress_bits           1100db00 f   unzip32:extract.obj
 0001:0000cc10       _dircomp                   1100dc10 f   unzip32:extract.obj
 0001:00008a80       _inflate_block             11009a80 f   unzip32:inflate.obj
 0001:00008bb0       _inflate_stored            11009bb0 f   unzip32:inflate.obj
 0001:00008dc0       _inflate_fixed             11009dc0 f   unzip32:inflate.obj
 0001:00008f10       _inflate_dynamic           11009f10 f   unzip32:inflate.obj
 0001:00005bc0       _SetSD                     11006bc0 f   unzip32:win32.obj
 0001:00005ce0       _FindSDExtraField          11006ce0 f   unzip32:win32.obj
 0001:00005d90       _getNTfiletime             11006d90 f   unzip32:win32.obj
 0001:00005ee0       _utime2NtfsFileTime        11006ee0 f   unzip32:win32.obj
 0001:00005f10       _utime2VFatFileTime        11006f10 f   unzip32:win32.obj
 0001:00005fe0       _FStampIsLocTime           11006fe0 f   unzip32:win32.obj
 0001:00006440       _NTQueryVolInfo            11007440 f   unzip32:win32.obj
 0001:00006a80       _Opendir                   11007a80 f   unzip32:win32.obj
 0001:00006bc0       _Readdir                   11007bc0 f   unzip32:win32.obj
 0001:00006c40       _Closedir                  11007c40 f   unzip32:win32.obj
 0001:000073a0       _IsVolumeOldFAT            110083a0 f   unzip32:win32.obj
 0001:000073d0       _maskDOSdevice             110083d0 f   unzip32:win32.obj
 0001:00007e20       _isfloppy                  11008e20 f   unzip32:win32.obj
 0001:00007e50       _map2fat                   11008e50 f   unzip32:win32.obj
 0001:00008200       _NtfsFileTime2utime        11009200 f   unzip32:win32.obj
 0001:00008280       _VFatFileTime2utime        11009280 f   unzip32:win32.obj
 0001:000053b0       _recmatch                  110063b0 f   unzip32:match.obj
 0001:00005760       _isshexp                   11006760 f   unzip32:match.obj
 0001:000057a0       _namecmp                   110067a0 f   unzip32:match.obj
 0001:00004820       _is_vms_varlen_txt         11005820 f   unzip32:fileio.obj
 0001:000049c0       _disk_error                110059c0 f   unzip32:fileio.obj
 0001:00001f70       _do_seekable               11002f70 f   unzip32:process.obj
 0001:00002780       _find_ecrec                11003780 f   unzip32:process.obj
 0001:00002a20       _rec_find                  11003a20 f   unzip32:process.obj
 0001:00002cc0       _find_ecrec64              11003cc0 f   unzip32:process.obj
 0001:00003390       _get_cdir_ent              11004390 f   unzip32:process.obj
 0001:00001650       _FreeDllMem                11002650 f   unzip32:windll.obj
 0001:000017b0       _DllMessagePrint@16        110027b0 f   unzip32:windll.obj
 0001:00001820       _DummySound@0              11002820 f   unzip32:windll.obj
 0001:00001830       _Wiz_StatReportCB@20       11002830 f   unzip32:windll.obj
 0001:0002b670       _Initialize                1102c670 f   zip32z64:nt.obj
 0001:0002b710       _GetRemotePrivilegesGet    1102c710 f   zip32z64:nt.obj
 0001:0002b900       _InitLocalPrivileges       1102c900 f   zip32z64:nt.obj
 0001:0002a000       _init_block                1102b000 f   zip32z64:trees.obj
 0001:0002a070       _gen_codes                 1102b070 f   zip32z64:trees.obj
 0001:0002a320       _build_tree                1102b320 f   zip32z64:trees.obj
 0001:0002a510       _pqdownheap                1102b510 f   zip32z64:trees.obj
 0001:0002a5e0       _gen_bitlen                1102b5e0 f   zip32z64:trees.obj
 0001:0002a7e0       _build_bl_tree             1102b7e0 f   zip32z64:trees.obj
 0001:0002a840       _scan_tree                 1102b840 f   zip32z64:trees.obj
 0001:0002a930       _send_all_trees            1102b930 f   zip32z64:trees.obj
 0001:0002a9b0       _send_tree                 1102b9b0 f   zip32z64:trees.obj
 0001:0002ac70       _compress_block            1102bc70 f   zip32z64:trees.obj
 0001:0002add0       _set_file_type             1102bdd0 f   zip32z64:trees.obj
 0001:0002ae80       _send_bits                 1102be80 f   zip32z64:trees.obj
 0001:0002af30       _bi_reverse                1102bf30 f   zip32z64:trees.obj
 0001:0002af60       _bi_windup                 1102bf60 f   zip32z64:trees.obj
 0001:0002b030       _copy_block                1102c030 f   zip32z64:trees.obj
 0001:00028b70       _wild_recurse              11029b70 f   zip32z64:win32zip.obj
 0001:00028eb0       _OpenDirScan               11029eb0 f   zip32z64:win32zip.obj
 0001:00028ff0       _CloseDirScan              11029ff0 f   zip32z64:win32zip.obj
 0001:00029010       _readd                     1102a010 f   zip32z64:win32zip.obj
 0001:00029080       _GetNextDirEntry           1102a080 f   zip32z64:win32zip.obj
 0001:000290b0       _procname_win32            1102a0b0 f   zip32z64:win32zip.obj
 0001:000299f0       _GetSD                     1102a9f0 f   zip32z64:win32zip.obj
 0001:00029c60       _GetExtraTime              1102ac60 f   zip32z64:win32zip.obj
 0001:00028540       _suffixes                  11029540 f   zip32z64:zipup.obj
 0001:000285f0       _file_read                 110295f0 f   zip32z64:zipup.obj
 0001:00028840       _filecompress              11029840 f   zip32z64:zipup.obj
 0001:00028980       _mem_read                  11029980 f   zip32z64:zipup.obj
 0001:000267d0       _recmatch                  110277d0 f   zip32z64:util.obj
 0001:00025fb0       _fill_window               11026fb0 f   zip32z64:deflate.obj
 0001:00026530       _deflate_fast              11027530 f   zip32z64:deflate.obj
 0001:00025af0       _FSusesLocalTime           11026af0 f   zip32z64:win32.obj
 0001:00008200       _FileTime2utime            11009200 f   unzip32:win32.obj
 0001:00025c10       _VFatFileTime2utime        11026c10 f   zip32z64:win32.obj
 0001:00021880       _fqcmp                     11022880 f   zip32z64:fileio.obj
 0001:000218d0       _fqcmpz                    110228d0 f   zip32z64:fileio.obj
 0001:00024c80       _get_shortopt              11025c80 f   zip32z64:fileio.obj
 0001:000251f0       _optionerr                 110261f0 f   zip32z64:fileio.obj
 0001:000252a0       _get_longopt               110262a0 f   zip32z64:fileio.obj
 0001:0001a9a0       _zbcmp                     1101b9a0 f   zip32z64:zipfile.obj
 0001:0001b100       _adjust_zip_local_entry    1101c100 f   zip32z64:zipfile.obj
 0001:0001b200       _at_signature              1101c200 f   zip32z64:zipfile.obj
 0001:0001b450       _zqcmp                     1101c450 f   zip32z64:zipfile.obj
 0001:0001b470       _scanzipf_fixnew           1101c470 f   zip32z64:zipfile.obj
 0001:0001c7e0       _zipoddities               1101d7e0 f   zip32z64:zipfile.obj
 0001:0001c9c0       _find_next_signature       1101d9c0 f   zip32z64:zipfile.obj
 0001:0001caa0       _find_signature            1101daa0 f   zip32z64:zipfile.obj
 0001:0001cb10       _is_signature              1101db10 f   zip32z64:zipfile.obj
 0001:0001cb70       _scanzipf_regnew           1101db70 f   zip32z64:zipfile.obj
 0001:0001e810       _adjust_zip_central_entry  1101f810 f   zip32z64:zipfile.obj
 0001:0001edf0       _append_ushort_to_mem      1101fdf0 f   zip32z64:zipfile.obj
 0001:0001ee80       _write_ushort_to_mem       1101fe80 f   zip32z64:zipfile.obj
 0001:0001eea0       _append_ulong_to_mem       1101fea0 f   zip32z64:zipfile.obj
 0001:0001ef30       _write_ulong_to_mem        1101ff30 f   zip32z64:zipfile.obj
 0001:0001ef60       _append_string_to_mem      1101ff60 f   zip32z64:zipfile.obj
 0001:0001f010       _add_local_zip64_extra_field 11020010 f   zip32z64:zipfile.obj
 0001:0001f1f0       _write_int64_to_mem        110201f0 f   zip32z64:zipfile.obj
 0001:0001f320       _append_int64_to_mem       11020320 f   zip32z64:zipfile.obj
 0001:0001f770       _add_central_zip64_extra_field 11020770 f   zip32z64:zipfile.obj
 0001:00020be0       _ef_scan_ut_time           11021be0 f   zip32z64:zipfile.obj
 0001:00021040       _rqcmp                     11022040 f   zip32z64:zipfile.obj
 0001:00021060       _cutpath                   11022060 f   zip32z64:zipfile.obj
 0001:00014720       _freeup                    11015720 f   zip32z64:zip.obj
 0001:0001a060       _finish                    1101b060 f   zip32z64:zip.obj
 0001:0001a200       _add_filter                1101b200 f   zip32z64:zip.obj
 0001:0001a410       _filterlist_to_patterns    1101b410 f   zip32z64:zip.obj
 0001:0001a4c0       _add_name                  1101b4c0 f   zip32z64:zip.obj
 0001:0001a580       _DisplayRunningStats       1101b580 f   zip32z64:zip.obj
 0001:0001a820       _BlankRunningStats         1101b820 f   zip32z64:zip.obj
 0001:00038cf2       _wcsncnt                   11039cf2 f   LIBCMT:w_cmp.obj
 0001:00038cf2       _wcsncnt                   11039cf2 f   LIBCMT:w_cmp.obj
 0001:00038715       _wfindenv                  11039715 f   LIBCMT:wsetenv.obj
 0001:00038771       _copy_environ              11039771 f   LIBCMT:wsetenv.obj
 0001:00037b23       _findenv                   11038b23 f   LIBCMT:setenv.obj
 0001:00037b7b       _copy_environ              11038b7b f   LIBCMT:setenv.obj
 0001:00030018       _strncnt                   11031018 f   LIBCMT:a_map.obj
 0001:00036ee7       _strtoxl                   11037ee7 f   LIBCMT:strtol.obj
 0001:00036d96       _xtoa                      11037d96 f   LIBCMT:xtoa.obj
 0001:000362fc       __hextodec                 110372fc f   LIBCMT:input.obj
 0001:00036333       __inc                      11037333 f   LIBCMT:input.obj
 0001:0003634d       __un_inc                   1103734d f   LIBCMT:input.obj
 0001:00036364       __whiteout                 11037364 f   LIBCMT:input.obj
 0001:00034dea       __tzset_lk                 11035dea f   LIBCMT:tzset.obj
 0001:00035092       __isindst_lk               11036092 f   LIBCMT:tzset.obj
 0001:0003523e       _cvtdate                   1103623e f   LIBCMT:tzset.obj
 0001:00034256       _parse_cmdline             11035256 f   LIBCMT:stdargv.obj
 0001:00033c7e       _write_char                11034c7e f   LIBCMT:output.obj
 0001:00033cb3       _write_multi_char          11034cb3 f   LIBCMT:output.obj
 0001:00033ce4       _write_string              11034ce4 f   LIBCMT:output.obj
 0001:00033d1c       _get_int_arg               11034d1c f   LIBCMT:output.obj
 0001:00033d29       _get_int64_arg             11034d29 f   LIBCMT:output.obj
 0001:00033d39       _get_short_arg             11034d39 f   LIBCMT:output.obj
 0001:00033210       _gu_return                 11034210 f   LIBCMT:exsup.obj
 0001:00033218       __unwind_handler           11034218 f   LIBCMT:exsup.obj
 0001:000315e2       _TranslateName             110325e2 f   LIBCMT:getqloc.obj
 0001:0003163a       _GetLcidFromLangCountry    1103263a f   LIBCMT:getqloc.obj
 0001:000316c1       _LangCountryEnumProc@4     110326c1 f   LIBCMT:getqloc.obj
 0001:000318c5       _GetLcidFromLanguage       110328c5 f   LIBCMT:getqloc.obj
 0001:0003191b       _LanguageEnumProc@4        1103291b f   LIBCMT:getqloc.obj
 0001:000319d8       _GetLcidFromCountry        110329d8 f   LIBCMT:getqloc.obj
 0001:00031a0f       _CountryEnumProc@4         11032a0f f   LIBCMT:getqloc.obj
 0001:00031a95       _GetLcidFromDefault        11032a95 f   LIBCMT:getqloc.obj
 0001:00031aaf       _ProcessCodePage           11032aaf f   LIBCMT:getqloc.obj
 0001:00031b15       _TestDefaultCountry        11032b15 f   LIBCMT:getqloc.obj
 0001:00031b34       _TestDefaultLanguage       11032b34 f   LIBCMT:getqloc.obj
 0001:00031b96       _IsThisWindowsNT           11032b96 f   LIBCMT:getqloc.obj
 0001:00031bcc       _crtGetLocaleInfoA@16      11032bcc f   LIBCMT:getqloc.obj
 0001:00031cb2       _LcidFromHexString         11032cb2 f   LIBCMT:getqloc.obj
 0001:00031ceb       _GetPrimaryLen             11032ceb f   LIBCMT:getqloc.obj
 0001:000311a0       LeadUp1                    110321a0 f   LIBCMT:memcpy.obj
 0001:000311cc       LeadUp2                    110321cc f   LIBCMT:memcpy.obj
 0001:000311f0       LeadUp3                    110321f0 f   LIBCMT:memcpy.obj
 0001:0003126f       UnwindUp0                  1103226f f   LIBCMT:memcpy.obj
 0001:0003125c       UnwindUp1                  1103225c f   LIBCMT:memcpy.obj
 0001:00031254       UnwindUp2                  11032254 f   LIBCMT:memcpy.obj
 0001:0003124c       UnwindUp3                  1103224c f   LIBCMT:memcpy.obj
 0001:00031244       UnwindUp4                  11032244 f   LIBCMT:memcpy.obj
 0001:0003123c       UnwindUp5                  1103223c f   LIBCMT:memcpy.obj
 0001:00031234       UnwindUp6                  11032234 f   LIBCMT:memcpy.obj
 0001:0003122c       UnwindUp7                  1103222c f   LIBCMT:memcpy.obj
 0001:00031288       TrailUp0                   11032288 f   LIBCMT:memcpy.obj
 0001:00031290       TrailUp1                   11032290 f   LIBCMT:memcpy.obj
 0001:0003129c       TrailUp2                   1103229c f   LIBCMT:memcpy.obj
 0001:000312b0       TrailUp3                   110322b0 f   LIBCMT:memcpy.obj
 0001:00031328       LeadDown1                  11032328 f   LIBCMT:memcpy.obj
 0001:00031348       LeadDown2                  11032348 f   LIBCMT:memcpy.obj
 0001:00031370       LeadDown3                  11032370 f   LIBCMT:memcpy.obj
 0001:000313c4       UnwindDown7                110323c4 f   LIBCMT:memcpy.obj
 0001:000313cc       UnwindDown6                110323cc f   LIBCMT:memcpy.obj
 0001:000313d4       UnwindDown5                110323d4 f   LIBCMT:memcpy.obj
 0001:000313dc       UnwindDown4                110323dc f   LIBCMT:memcpy.obj
 0001:000313e4       UnwindDown3                110323e4 f   LIBCMT:memcpy.obj
 0001:000313ec       UnwindDown2                110323ec f   LIBCMT:memcpy.obj
 0001:000313f4       UnwindDown1                110323f4 f   LIBCMT:memcpy.obj
 0001:00031407       UnwindDown0                11032407 f   LIBCMT:memcpy.obj
 0001:00031420       TrailDown0                 11032420 f   LIBCMT:memcpy.obj
 0001:00031428       TrailDown1                 11032428 f   LIBCMT:memcpy.obj
 0001:00031438       TrailDown2                 11032438 f   LIBCMT:memcpy.obj
 0001:0003144c       TrailDown3                 1103244c f   LIBCMT:memcpy.obj
 0001:00030ab9       __get_lc_lconv             11031ab9 f   LIBCMT:initmon.obj
 0001:00030bdb       _fix_grouping              11031bdb f   LIBCMT:initmon.obj
 0001:00030c12       __free_lc_lconv            11031c12 f   LIBCMT:initmon.obj
 0001:00030bdb       _fix_grouping              11031bdb f   LIBCMT:initmon.obj
 0001:0003033b       __get_lc_time              1103133b f   LIBCMT:inittime.obj
 0001:00030689       __free_lc_time             11031689 f   LIBCMT:inittime.obj
 0001:000301d9       _doexit                    110311d9 f   LIBCMT:crt0dat.obj
 0001:00030290       __initterm                 11031290 f   LIBCMT:crt0dat.obj
 0001:00030018       _strncnt                   11031018 f   LIBCMT:a_map.obj
 0001:0002f190       LeadUp1                    11030190 f   LIBCMT:memmove.obj
 0001:0002f1bc       LeadUp2                    110301bc f   LIBCMT:memmove.obj
 0001:0002f1e0       LeadUp3                    110301e0 f   LIBCMT:memmove.obj
 0001:0002f25f       UnwindUp0                  1103025f f   LIBCMT:memmove.obj
 0001:0002f24c       UnwindUp1                  1103024c f   LIBCMT:memmove.obj
 0001:0002f244       UnwindUp2                  11030244 f   LIBCMT:memmove.obj
 0001:0002f23c       UnwindUp3                  1103023c f   LIBCMT:memmove.obj
 0001:0002f234       UnwindUp4                  11030234 f   LIBCMT:memmove.obj
 0001:0002f22c       UnwindUp5                  1103022c f   LIBCMT:memmove.obj
 0001:0002f224       UnwindUp6                  11030224 f   LIBCMT:memmove.obj
 0001:0002f21c       UnwindUp7                  1103021c f   LIBCMT:memmove.obj
 0001:0002f278       TrailUp0                   11030278 f   LIBCMT:memmove.obj
 0001:0002f280       TrailUp1                   11030280 f   LIBCMT:memmove.obj
 0001:0002f28c       TrailUp2                   1103028c f   LIBCMT:memmove.obj
 0001:0002f2a0       TrailUp3                   110302a0 f   LIBCMT:memmove.obj
 0001:0002f318       LeadDown1                  11030318 f   LIBCMT:memmove.obj
 0001:0002f338       LeadDown2                  11030338 f   LIBCMT:memmove.obj
 0001:0002f360       LeadDown3                  11030360 f   LIBCMT:memmove.obj
 0001:0002f3b4       UnwindDown7                110303b4 f   LIBCMT:memmove.obj
 0001:0002f3bc       UnwindDown6                110303bc f   LIBCMT:memmove.obj
 0001:0002f3c4       UnwindDown5                110303c4 f   LIBCMT:memmove.obj
 0001:0002f3cc       UnwindDown4                110303cc f   LIBCMT:memmove.obj
 0001:0002f3d4       UnwindDown3                110303d4 f   LIBCMT:memmove.obj
 0001:0002f3dc       UnwindDown2                110303dc f   LIBCMT:memmove.obj
 0001:0002f3e4       UnwindDown1                110303e4 f   LIBCMT:memmove.obj
 0001:0002f3f7       UnwindDown0                110303f7 f   LIBCMT:memmove.obj
 0001:0002f410       TrailDown0                 11030410 f   LIBCMT:memmove.obj
 0001:0002f418       TrailDown1                 11030418 f   LIBCMT:memmove.obj
 0001:0002f428       TrailDown2                 11030428 f   LIBCMT:memmove.obj
 0001:0002f43c       TrailDown3                 1103043c f   LIBCMT:memmove.obj
 0001:0002ecaa       _store_dt                  1102fcaa f   LIBCMT:asctime.obj
 0001:0002e94c       _shortsort                 1102f94c f   LIBCMT:qsort.obj
 0001:0002e99a       _swap                      1102f99a f   LIBCMT:qsort.obj
 0001:0002e720       _IsRootUNCName             1102f720 f   LIBCMT:stati64.obj
 0001:0002d9e8       __make_time_t              1102e9e8 f   LIBCMT:mktime.obj
 0001:0002d8eb       _flsall                    1102e8eb f   LIBCMT:fflush.obj
 0001:0002c118       __setlocale_set_cat        1102d118 f   LIBCMT:setlocal.obj
 0001:0002c233       __setlocale_get_all        1102d233 f   LIBCMT:setlocal.obj
 0001:0002bc8b       _getSystemCP               1102cc8b f   LIBCMT:mbctype.obj
 0001:0002bcd5       _CPtoLCID                  1102ccd5 f   LIBCMT:mbctype.obj
 0001:0002bd08       _setSBCS                   1102cd08 f   LIBCMT:mbctype.obj
 0001:0002bd31       _setSBUpLow                1102cd31 f   LIBCMT:mbctype.obj

 51 bytes saved through ICF

